Component: ARM Compiler 5.06 update 7 (build 960) Tool: armlink [4d3601]

==============================================================================

Section Cross References

    startup_stm32f103xb.o(RESET) refers to startup_stm32f103xb.o(STACK) for __initial_sp
    startup_stm32f103xb.o(RESET) refers to startup_stm32f103xb.o(.text) for Reset_Handler
    startup_stm32f103xb.o(RESET) refers to stm32f1xx_it.o(i.NMI_Handler) for NMI_Handler
    startup_stm32f103xb.o(RESET) refers to context_rvds.o(.text) for HardFault_Handler
    startup_stm32f103xb.o(RESET) refers to stm32f1xx_it.o(i.MemManage_Handler) for MemManage_Handler
    startup_stm32f103xb.o(RESET) refers to stm32f1xx_it.o(i.BusFault_Handler) for BusFault_Handler
    startup_stm32f103xb.o(RESET) refers to stm32f1xx_it.o(i.UsageFault_Handler) for UsageFault_Handler
    startup_stm32f103xb.o(RESET) refers to stm32f1xx_it.o(i.DebugMon_Handler) for DebugMon_Handler
    startup_stm32f103xb.o(RESET) refers to board_1.o(i.SysTick_Handler) for SysTick_Handler
    startup_stm32f103xb.o(RESET) refers to stm32f1xx_it.o(i.USB_LP_CAN1_RX0_IRQHandler) for USB_LP_CAN1_RX0_IRQHandler
    startup_stm32f103xb.o(RESET) refers to stm32f1xx_it.o(i.CAN1_RX1_IRQHandler) for CAN1_RX1_IRQHandler
    startup_stm32f103xb.o(RESET) refers to stm32f1xx_it.o(i.USART2_IRQHandler) for USART2_IRQHandler
    startup_stm32f103xb.o(RESET) refers to stm32f1xx_it.o(i.EXTI15_10_IRQHandler) for EXTI15_10_IRQHandler
    startup_stm32f103xb.o(.text) refers to system_stm32f1xx.o(i.SystemInit) for SystemInit
    startup_stm32f103xb.o(.text) refers to entry.o(.ARM.Collect$$$$00000000) for __main
    main.o(i.SystemClock_Config) refers to memseta.o(.text) for __aeabi_memclr4
    main.o(i.SystemClock_Config) refers to stm32f1xx_hal_rcc.o(i.HAL_RCC_OscConfig) for HAL_RCC_OscConfig
    main.o(i.SystemClock_Config) refers to main.o(i.Error_Handler) for Error_Handler
    main.o(i.SystemClock_Config) refers to stm32f1xx_hal_rcc.o(i.HAL_RCC_ClockConfig) for HAL_RCC_ClockConfig
    main.o(i.main) refers to stm32f1xx_hal.o(i.HAL_Init) for HAL_Init
    main.o(i.main) refers to main.o(i.SystemClock_Config) for SystemClock_Config
    main.o(i.main) refers to gpio.o(i.MX_GPIO_Init) for MX_GPIO_Init
    main.o(i.main) refers to usart.o(i.MX_USART1_UART_Init) for MX_USART1_UART_Init
    main.o(i.main) refers to usart.o(i.MX_USART2_UART_Init) for MX_USART2_UART_Init
    main.o(i.main) refers to can.o(i.MX_CAN_Init) for MX_CAN_Init
    main.o(i.main) refers to bms_app.o(i.BMS_SysInitialize) for BMS_SysInitialize
    main.o(i.main) refers to stm32f1xx_hal_gpio.o(i.HAL_GPIO_TogglePin) for HAL_GPIO_TogglePin
    main.o(i.main) refers to thread.o(i.rt_thread_mdelay) for rt_thread_mdelay
    gpio.o(i.MX_GPIO_Init) refers to stm32f1xx_hal_gpio.o(i.HAL_GPIO_WritePin) for HAL_GPIO_WritePin
    gpio.o(i.MX_GPIO_Init) refers to stm32f1xx_hal_gpio.o(i.HAL_GPIO_Init) for HAL_GPIO_Init
    gpio.o(i.MX_GPIO_Init) refers to stm32f1xx_hal_cortex.o(i.HAL_NVIC_SetPriority) for HAL_NVIC_SetPriority
    gpio.o(i.MX_GPIO_Init) refers to stm32f1xx_hal_cortex.o(i.HAL_NVIC_EnableIRQ) for HAL_NVIC_EnableIRQ
    can.o(i.HAL_CAN_MspDeInit) refers to stm32f1xx_hal_gpio.o(i.HAL_GPIO_DeInit) for HAL_GPIO_DeInit
    can.o(i.HAL_CAN_MspDeInit) refers to stm32f1xx_hal_cortex.o(i.HAL_NVIC_DisableIRQ) for HAL_NVIC_DisableIRQ
    can.o(i.HAL_CAN_MspInit) refers to stm32f1xx_hal_gpio.o(i.HAL_GPIO_Init) for HAL_GPIO_Init
    can.o(i.HAL_CAN_MspInit) refers to stm32f1xx_hal_cortex.o(i.HAL_NVIC_SetPriority) for HAL_NVIC_SetPriority
    can.o(i.HAL_CAN_MspInit) refers to stm32f1xx_hal_cortex.o(i.HAL_NVIC_EnableIRQ) for HAL_NVIC_EnableIRQ
    can.o(i.MX_CAN_Init) refers to stm32f1xx_hal_can.o(i.HAL_CAN_Init) for HAL_CAN_Init
    can.o(i.MX_CAN_Init) refers to main.o(i.Error_Handler) for Error_Handler
    can.o(i.MX_CAN_Init) refers to can.o(.bss) for hcan
    usart.o(i.HAL_UART_MspDeInit) refers to stm32f1xx_hal_gpio.o(i.HAL_GPIO_DeInit) for HAL_GPIO_DeInit
    usart.o(i.HAL_UART_MspDeInit) refers to stm32f1xx_hal_cortex.o(i.HAL_NVIC_DisableIRQ) for HAL_NVIC_DisableIRQ
    usart.o(i.HAL_UART_MspInit) refers to stm32f1xx_hal_gpio.o(i.HAL_GPIO_Init) for HAL_GPIO_Init
    usart.o(i.HAL_UART_MspInit) refers to stm32f1xx_hal_cortex.o(i.HAL_NVIC_SetPriority) for HAL_NVIC_SetPriority
    usart.o(i.HAL_UART_MspInit) refers to stm32f1xx_hal_cortex.o(i.HAL_NVIC_EnableIRQ) for HAL_NVIC_EnableIRQ
    usart.o(i.MX_USART1_UART_Init) refers to stm32f1xx_hal_uart.o(i.HAL_UART_Init) for HAL_UART_Init
    usart.o(i.MX_USART1_UART_Init) refers to main.o(i.Error_Handler) for Error_Handler
    usart.o(i.MX_USART1_UART_Init) refers to usart.o(.bss) for huart1
    usart.o(i.MX_USART2_UART_Init) refers to stm32f1xx_hal_uart.o(i.HAL_UART_Init) for HAL_UART_Init
    usart.o(i.MX_USART2_UART_Init) refers to main.o(i.Error_Handler) for Error_Handler
    usart.o(i.MX_USART2_UART_Init) refers to usart.o(.bss) for huart2
[...]
    BusFault_Handler                         0x08003acd   Thumb Code     4  stm32f1xx_it.o(i.BusFault_Handler)
    CAN1_RX1_IRQHandler                      0x08003ad1   Thumb Code    10  stm32f1xx_it.o(i.CAN1_RX1_IRQHandler)
    DebugMon_Handler                         0x08003b25   Thumb Code     2  stm32f1xx_it.o(i.DebugMon_Handler)
    EXTI15_10_IRQHandler                     0x08003b27   Thumb Code    12  stm32f1xx_it.o(i.EXTI15_10_IRQHandler)
    Error_Handler                            0x08003b33   Thumb Code     6  main.o(i.Error_Handler)
    HAL_CAN_ErrorCallback                    0x08003b47   Thumb Code     2  stm32f1xx_hal_can.o(i.HAL_CAN_ErrorCallback)
    HAL_CAN_GetRxMessage                     0x08003b49   Thumb Code   378  stm32f1xx_hal_can.o(i.HAL_CAN_GetRxMessage)
    HAL_CAN_IRQHandler                       0x08003cc3   Thumb Code   590  stm32f1xx_hal_can.o(i.HAL_CAN_IRQHandler)
    HAL_CAN_Init                             0x08003f11   Thumb Code   372  stm32f1xx_hal_can.o(i.HAL_CAN_Init)
    HAL_CAN_MspInit                          0x08004085   Thumb Code   154  can.o(i.HAL_CAN_MspInit)
    HAL_CAN_RxFifo0FullCallback              0x0800412d   Thumb Code     2  stm32f1xx_hal_can.o(i.HAL_CAN_RxFifo0FullCallback)
    HAL_CAN_RxFifo0MsgPendingCallback        0x08004131   Thumb Code   104  drv_can.o(i.HAL_CAN_RxFifo0MsgPendingCallback)
    HAL_CAN_RxFifo1FullCallback              0x080041e5   Thumb Code     2  stm32f1xx_hal_can.o(i.HAL_CAN_RxFifo1FullCallback)
    HAL_CAN_RxFifo1MsgPendingCallback        0x080041e7   Thumb Code     2  stm32f1xx_hal_can.o(i.HAL_CAN_RxFifo1MsgPendingCallback)
    HAL_CAN_SleepCallback                    0x080041e9   Thumb Code     2  stm32f1xx_hal_can.o(i.HAL_CAN_SleepCallback)
    HAL_CAN_TxMailbox0AbortCallback          0x080041eb   Thumb Code     2  stm32f1xx_hal_can.o(i.HAL_CAN_TxMailbox0AbortCallback)
    HAL_CAN_TxMailbox0CompleteCallback       0x080041ed   Thumb Code     2  stm32f1xx_hal_can.o(i.HAL_CAN_TxMailbox0CompleteCallback)
    HAL_CAN_TxMailbox1AbortCallback          0x080041ef   Thumb Code     2  stm32f1xx_hal_can.o(i.HAL_CAN_TxMailbox1AbortCallback)
    HAL_CAN_TxMailbox1CompleteCallback       0x080041f1   Thumb Code     2  stm32f1xx_hal_can.o(i.HAL_CAN_TxMailbox1CompleteCallback)
    HAL_CAN_TxMailbox2AbortCallback          0x080041f3   Thumb Code     2  stm32f1xx_hal_can.o(i.HAL_CAN_TxMailbox2AbortCallback)
    HAL_CAN_TxMailbox2CompleteCallback       0x080041f5   Thumb Code     2  stm32f1xx_hal_can.o(i.HAL_CAN_TxMailbox2CompleteCallback)
    HAL_CAN_WakeUpFromRxMsgCallback          0x080041f7   Thumb Code     2  stm32f1xx_hal_can.o(i.HAL_CAN_WakeUpFromRxMsgCallback)
    HAL_DMA_Abort                            0x080041f9   Thumb Code    86  stm32f1xx_hal_dma.o(i.HAL_DMA_Abort)
    HAL_DMA_Abort_IT                         0x08004251   Thumb Code   172  stm32f1xx_hal_dma.o(i.HAL_DMA_Abort_IT)
    HAL_GPIO_EXTI_Callback                   0x08004301   Thumb Code    16  drv_softi2c_bq769x0.o(i.HAL_GPIO_EXTI_Callback)
    HAL_GPIO_EXTI_IRQHandler                 0x08004311   Thumb Code    24  stm32f1xx_hal_gpio.o(i.HAL_GPIO_EXTI_IRQHandler)
    HAL_GPIO_Init                            0x0800432d   Thumb Code   766  stm32f1xx_hal_gpio.o(i.HAL_GPIO_Init)
    HAL_GPIO_ReadPin                         0x0800464d   Thumb Code    16  stm32f1xx_hal_gpio.o(i.HAL_GPIO_ReadPin)
    HAL_GPIO_TogglePin                       0x0800465d   Thumb Code    20  stm32f1xx_hal_gpio.o(i.HAL_GPIO_TogglePin)
    HAL_GPIO_WritePin                        0x08004671   Thumb Code    12  stm32f1xx_hal_gpio.o(i.HAL_GPIO_WritePin)
    HAL_GetTick                              0x0800467d   Thumb Code     6  stm32f1xx_hal.o(i.HAL_GetTick)
    HAL_Init                                 0x08004689   Thumb Code    34  stm32f1xx_hal.o(i.HAL_Init)
    HAL_InitTick                             0x080046b1   Thumb Code    64  stm32f1xx_hal.o(i.HAL_InitTick)
    HAL_MspInit                              0x080046fd   Thumb Code    82  stm32f1xx_hal_msp.o(i.HAL_MspInit)
    HAL_NVIC_EnableIRQ                       0x08004759   Thumb Code    32  stm32f1xx_hal_cortex.o(i.HAL_NVIC_EnableIRQ)
    HAL_NVIC_SetPriority                     0x08004779   Thumb Code   124  stm32f1xx_hal_cortex.o(i.HAL_NVIC_SetPriority)
    HAL_NVIC_SetPriorityGrouping             0x080047f5   Thumb Code    32  stm32f1xx_hal_cortex.o(i.HAL_NVIC_SetPriorityGrouping)
    HAL_RCC_ClockConfig                      0x0800481d   Thumb Code   376  stm32f1xx_hal_rcc.o(i.HAL_RCC_ClockConfig)
    HAL_RCC_GetHCLKFreq                      0x080049a9   Thumb Code     6  stm32f1xx_hal_rcc.o(i.HAL_RCC_GetHCLKFreq)
    HAL_RCC_GetPCLK1Freq                     0x080049b5   Thumb Code    22  stm32f1xx_hal_rcc.o(i.HAL_RCC_GetPCLK1Freq)
    HAL_RCC_GetPCLK2Freq                     0x080049d5   Thumb Code    22  stm32f1xx_hal_rcc.o(i.HAL_RCC_GetPCLK2Freq)
    HAL_RCC_GetSysClockFreq                  0x080049f5   Thumb Code   116  stm32f1xx_hal_rcc.o(i.HAL_RCC_GetSysClockFreq)
    HAL_RCC_OscConfig                        0x08004a89   Thumb Code  1114  stm32f1xx_hal_rcc.o(i.HAL_RCC_OscConfig)
    HAL_SYSTICK_Config                       0x08004eed   Thumb Code    52  stm32f1xx_hal_cortex.o(i.HAL_SYSTICK_Config)
    HAL_UARTEx_RxEventCallback               0x08004f21   Thumb Code     2  stm32f1xx_hal_uart.o(i.HAL_UARTEx_RxEventCallback)
    HAL_UART_ErrorCallback                   0x08004f23   Thumb Code     2  stm32f1xx_hal_uart.o(i.HAL_UART_ErrorCallback)
    HAL_UART_IRQHandler                      0x08004f25   Thumb Code   582  stm32f1xx_hal_uart.o(i.HAL_UART_IRQHandler)
    HAL_UART_Init                            0x08005171   Thumb Code   114  stm32f1xx_hal_uart.o(i.HAL_UART_Init)
    HAL_UART_MspInit                         0x080051e5   Thumb Code   240  usart.o(i.HAL_UART_MspInit)
    HAL_UART_Receive_IT                      0x080052e5   Thumb Code    66  stm32f1xx_hal_uart.o(i.HAL_UART_Receive_IT)
    HAL_UART_RxCpltCallback                  0x08005329   Thumb Code    52  drv_rs485.o(i.HAL_UART_RxCpltCallback)
    HAL_UART_Transmit                        0x08005395   Thumb Code   210  stm32f1xx_hal_uart.o(i.HAL_UART_Transmit)
    HAL_UART_Transmit_IT                     0x08005467   Thumb Code    88  stm32f1xx_hal_uart.o(i.HAL_UART_Transmit_IT)
    HAL_UART_TxCpltCallback                  0x080054c1   Thumb Code    52  drv_rs485.o(i.HAL_UART_TxCpltCallback)
    I2C_BusInitialize                        0x0800567d   Thumb Code    12  drv_soft_i2c.o(i.I2C_BusInitialize)
    I2C_TransferMessages                     0x08005863   Thumb Code   182  drv_soft_i2c.o(i.I2C_TransferMessages)
    MX_CAN_Init                              0x08005999   Thumb Code    62  can.o(i.MX_CAN_Init)
    MX_GPIO_Init                             0x080059e1   Thumb Code   286  gpio.o(i.MX_GPIO_Init)
    MX_USART1_UART_Init                      0x08005b11   Thumb Code    46  usart.o(i.MX_USART1_UART_Init)
    MX_USART2_UART_Init                      0x08005b49   Thumb Code    46  usart.o(i.MX_USART2_UART_Init)
    MemManage_Handler                        0x08005b81   Thumb Code     4  stm32f1xx_it.o(i.MemManage_Handler)
    NMI_Handler                              0x08005b85   Thumb Code     4  stm32f1xx_it.o(i.NMI_Handler)
    RS485_TransmitState                      0x08005bb1   Thumb Code    16  drv_rs485.o(i.RS485_TransmitState)
    SysTick_Handler                          0x08005c3f   Thumb Code    18  board_1.o(i.SysTick_Handler)
    SystemClock_Config                       0x08005c51   Thumb Code   102  main.o(i.SystemClock_Config)
    SystemCoreClockUpdate                    0x08005cb9   Thumb Code   142  system_stm32f1xx.o(i.SystemCoreClockUpdate)
    SystemInit                               0x08005d5d   Thumb Code     2  system_stm32f1xx.o(i.SystemInit)
    UART_Start_Receive_IT                    0x08006069   Thumb Code    70  stm32f1xx_hal_uart.o(i.UART_Start_Receive_IT)
    USART2_IRQHandler                        0x0800617d   Thumb Code    10  stm32f1xx_it.o(i.USART2_IRQHandler)
    USB_LP_CAN1_RX0_IRQHandler               0x0800618d   Thumb Code    10  stm32f1xx_it.o(i.USB_LP_CAN1_RX0_IRQHandler)
    UsageFault_Handler                       0x0800619d   Thumb Code     4  stm32f1xx_it.o(i.UsageFault_Handler)
    __0sprintf                               0x080061a1   Thumb Code    34  printfa.o(i.__0sprintf)
    __1sprintf                               0x080061a1   Thumb Code     0  printfa.o(i.__0sprintf)
    __2sprintf                               0x080061a1   Thumb Code     0  printfa.o(i.__0sprintf)
    __c89sprintf                             0x080061a1   Thumb Code     0  printfa.o(i.__0sprintf)
    sprintf                                  0x080061a1   Thumb Code     0  printfa.o(i.__0sprintf)
    __kernel_poly                            0x08006201   Thumb Code   170  poly.o(i.__kernel_poly)
    __mathlib_dbl_divzero                    0x080062ad   Thumb Code    12  dunder.o(i.__mathlib_dbl_divzero)
    __mathlib_dbl_infnan                     0x080062bd   Thumb Code     6  dunder.o(i.__mathlib_dbl_infnan)
    __mathlib_dbl_invalid                    0x080062c3   Thumb Code    12  dunder.o(i.__mathlib_dbl_invalid)
    __rt_ffs                                 0x080062d1   Thumb Code    66  kservice.o(i.__rt_ffs)
    __scatterload_copy                       0x08006319   Thumb Code    14  handlers.o(i.__scatterload_copy)
    __scatterload_null                       0x08006327   Thumb Code     2  handlers.o(i.__scatterload_null)
    __scatterload_zeroinit                   0x08006329   Thumb Code    14  handlers.o(i.__scatterload_zeroinit)
    __set_errno                              0x08006339   Thumb Code     6  errno.o(i.__set_errno)
    cmd_free                                 0x08006e61   Thumb Code    10  msh.o(i.cmd_free)
    cmd_ps                                   0x08006e6b   Thumb Code    10  msh.o(i.cmd_ps)
    finsh_get_prompt                         0x08006eb1   Thumb Code    84  shell.o(i.finsh_get_prompt)
    finsh_set_prompt_mode                    0x08006f25   Thumb Code    38  shell.o(i.finsh_set_prompt_mode)
    finsh_system_function_init               0x08006f69   Thumb Code     8  shell.o(i.finsh_system_function_init)
    finsh_system_init                        0x08006f75   Thumb Code    96  shell.o(i.finsh_system_init)
    finsh_thread_entry                       0x0800700d   Thumb Code   640  shell.o(i.finsh_thread_entry)
    hello                                    0x08007331   Thumb Code    12  cmd.o(i.hello)
    list                                     0x08007351   Thumb Code    54  cmd.o(i.list)
    list_event                               0x080073b9   Thumb Code   220  cmd.o(i.list_event)
    list_mem                                 0x080075ad   Thumb Code    32  mem.o(i.list_mem)
    list_msgqueue                            0x08007619   Thumb Code   246  cmd.o(i.list_msgqueue)
    list_sem                                 0x08007781   Thumb Code   246  cmd.o(i.list_sem)
    list_thread                              0x080078dd   Thumb Code   288  cmd.o(i.list_thread)
    list_timer                               0x08007abd   Thumb Code   184  cmd.o(i.list_timer)
    log                                      0x08007c19   Thumb Code   808  log.o(i.log)
    $Super$$main                             0x08007f75   Thumb Code    48  main.o(i.main)
    main_thread_entry                        0x08007fa9   Thumb Code    14  components.o(i.main_thread_entry)
    msh_auto_complete                        0x0800809d   Thumb Code   148  msh.o(i.msh_auto_complete)
    msh_exec                                 0x08008145   Thumb Code    76  msh.o(i.msh_exec)
    msh_help                                 0x08008205   Thumb Code    62  msh.o(i.msh_help)
    msh_is_used                              0x08008281   Thumb Code     4  msh.o(i.msh_is_used)
    right_bound                              0x080085b5   Thumb Code    82  bms_utils.o(i.right_bound)
    rt_application_init                      0x08008609   Thumb Code    52  components.o(i.rt_application_init)
    rt_assert_handler                        0x0800865d   Thumb Code    52  kservice.o(i.rt_assert_handler)
    rt_calloc                                0x080086cd   Thumb Code    28  mem.o(i.rt_calloc)
    rt_components_board_init                 0x080086e9   Thumb Code    22  components.o(i.rt_components_board_init)
    rt_components_init                       0x08008709   Thumb Code    22  components.o(i.rt_components_init)
    rt_enter_critical                        0x08008729   Thumb Code    22  scheduler.o(i.rt_enter_critical)
    rt_exit_critical                         0x08008745   Thumb Code    52  scheduler.o(i.rt_exit_critical)
    rt_free                                  0x0800877d   Thumb Code   230  mem.o(i.rt_free)
    rt_heap_begin_get                        0x08008945   Thumb Code     4  board_1.o(i.rt_heap_begin_get)
    rt_heap_end_get                          0x0800894d   Thumb Code     4  board_1.o(i.rt_heap_end_get)
    rt_hw_board_init                         0x08008955   Thumb Code    54  board_1.o(i.rt_hw_board_init)
    rt_hw_console_getchar                    0x0800898d   Thumb Code    34  board_1.o(i.rt_hw_console_getchar)
    rt_hw_console_output                     0x080089b5   Thumb Code    68  board_1.o(i.rt_hw_console_output)
    rt_hw_hard_fault_exception               0x080089fd   Thumb Code   190  cpuport.o(i.rt_hw_hard_fault_exception)
    rt_hw_stack_init                         0x08008bfd   Thumb Code    60  cpuport.o(i.rt_hw_stack_init)
    rt_interrupt_enter                       0x08008c3d   Thumb Code    22  irq.o(i.rt_interrupt_enter)
    rt_interrupt_get_nest                    0x08008c59   Thumb Code    18  irq.o(i.rt_interrupt_get_nest)
    rt_interrupt_leave                       0x08008c71   Thumb Code    22  irq.o(i.rt_interrupt_leave)
    rt_kprintf                               0x08008cfd   Thumb Code    30  kservice.o(i.rt_kprintf)
    rt_malloc                                0x08008d21   Thumb Code   396  mem.o(i.rt_malloc)
    rt_memcpy                                0x08008f45   Thumb Code   116  kservice.o(i.rt_memcpy)
    rt_memmove                               0x08008fb9   Thumb Code    54  kservice.o(i.rt_memmove)
    rt_memset                                0x08008fef   Thumb Code    86  kservice.o(i.rt_memset)
    rt_mq_send                               0x08009045   Thumb Code     6  ipc.o(i.rt_mq_send)
    rt_mq_send_wait                          0x0800904d   Thumb Code   590  ipc.o(i.rt_mq_send_wait)
    rt_object_allocate                       0x08009335   Thumb Code   142  object.o(i.rt_object_allocate)
    rt_object_delete                         0x0800940d   Thumb Code    82  object.o(i.rt_object_delete)
    rt_object_detach                         0x080094a5   Thumb Code    60  object.o(i.rt_object_detach)
    rt_object_get_information                0x080094f9   Thumb Code    30  object.o(i.rt_object_get_information)
    rt_object_get_type                       0x0800951d   Thumb Code    28  object.o(i.rt_object_get_type)
    rt_object_init                           0x08009551   Thumb Code   128  object.o(i.rt_object_init)
    rt_object_is_systemobject                0x080095fd   Thumb Code    36  object.o(i.rt_object_is_systemobject)
    rt_schedule                              0x08009639   Thumb Code    88  scheduler.o(i.rt_schedule)
    rt_schedule_insert_thread                0x0800969d   Thumb Code    88  scheduler.o(i.rt_schedule_insert_thread)
    rt_schedule_remove_thread                0x08009715   Thumb Code    92  scheduler.o(i.rt_schedule_remove_thread)
    rt_sem_create                            0x08009791   Thumb Code    94  ipc.o(i.rt_sem_create)
    rt_sem_init                              0x08009835   Thumb Code    70  ipc.o(i.rt_sem_init)
    rt_sem_release                           0x080098a5   Thumb Code   126  ipc.o(i.rt_sem_release)
    rt_sem_take                              0x0800993d   Thumb Code   236  ipc.o(i.rt_sem_take)
    rt_show_version                          0x08009aa5   Thumb Code    40  kservice.o(i.rt_show_version)
    rt_strlen                                0x08009b55   Thumb Code    16  kservice.o(i.rt_strlen)
    rt_strncpy                               0x08009b65   Thumb Code    42  kservice.o(i.rt_strncpy)
    rt_system_heap_init                      0x08009b91   Thumb Code   142  mem.o(i.rt_system_heap_init)
    rt_system_scheduler_init                 0x08009c9d   Thumb Code    48  scheduler.o(i.rt_system_scheduler_init)
    rt_system_scheduler_start                0x08009cd9   Thumb Code    32  scheduler.o(i.rt_system_scheduler_start)
    rt_system_timer_init                     0x08009d01   Thumb Code    20  timer.o(i.rt_system_timer_init)
    rt_system_timer_thread_init              0x08009d19   Thumb Code     2  timer.o(i.rt_system_timer_thread_init)
    rt_thread_create                         0x08009d1b   Thumb Code    90  thread.o(i.rt_thread_create)
    rt_thread_exit                           0x08009d75   Thumb Code    88  thread.o(i.rt_thread_exit)
    rt_thread_idle_excute                    0x08009ddd   Thumb Code   116  idle.o(i.rt_thread_idle_excute)
    rt_thread_idle_init                      0x08009e85   Thumb Code    44  idle.o(i.rt_thread_idle_init)
    rt_thread_init                           0x08009ec5   Thumb Code    78  thread.o(i.rt_thread_init)
    rt_thread_mdelay                         0x08009f45   Thumb Code    14  thread.o(i.rt_thread_mdelay)
    rt_thread_resume                         0x08009f55   Thumb Code   110  thread.o(i.rt_thread_resume)
    rt_thread_self                           0x08009fe1   Thumb Code     6  thread.o(i.rt_thread_self)
    rt_thread_sleep                          0x08009fed   Thumb Code   100  thread.o(i.rt_thread_sleep)
    rt_thread_startup                        0x0800a071   Thumb Code   106  thread.o(i.rt_thread_startup)
    rt_thread_suspend                        0x0800a131   Thumb Code   106  thread.o(i.rt_thread_suspend)
    rt_thread_timeout                        0x0800a1b9   Thumb Code   106  thread.o(i.rt_thread_timeout)
    rt_thread_yield                          0x0800a27d   Thumb Code    98  thread.o(i.rt_thread_yield)
    rt_tick_from_millisecond                 0x0800a2e9   Thumb Code    50  clock.o(i.rt_tick_from_millisecond)
    rt_tick_get                              0x0800a31d   Thumb Code     6  clock.o(i.rt_tick_get)
    rt_tick_increase                         0x0800a329   Thumb Code    38  clock.o(i.rt_tick_increase)
    rt_timer_check                           0x0800a355   Thumb Code   240  timer.o(i.rt_timer_check)
    rt_timer_control                         0x0800a449   Thumb Code   122  timer.o(i.rt_timer_control)
    rt_timer_create                          0x0800a519   Thumb Code    50  timer.o(i.rt_timer_create)
    rt_timer_detach                          0x0800a54d   Thumb Code   126  timer.o(i.rt_timer_detach)
    rt_timer_init                            0x0800a64d   Thumb Code    58  timer.o(i.rt_timer_init)
    rt_timer_start                           0x0800a6a1   Thumb Code   252  timer.o(i.rt_timer_start)
    rt_timer_stop                            0x0800a81d   Thumb Code   120  timer.o(i.rt_timer_stop)
    rt_vsnprintf                             0x0800a8e9   Thumb Code   802  kservice.o(i.rt_vsnprintf)
    rtthread_startup                         0x0800ac25   Thumb Code    42  components.o(i.rtthread_startup)
    swap                                     0x0800acd7   Thumb Code    26  bms_utils.o(i.swap)
    version                                  0x0800ae01   Thumb Code    10  cmd.o(i.version)
    AHBPrescTable                            0x0800ae0a   Data          16  system_stm32f1xx.o(.constdata)
    APBPrescTable                            0x0800ae1a   Data           8  system_stm32f1xx.o(.constdata)
    __lowest_bit_bitmap                      0x0800af7f   Data         256  kservice.o(.constdata)
    __mathlib_zero                           0x0800b340   Data           8  qnan.o(.constdata)
    __fsym___cmd_BMS_CmdOpenDSG_name         0x0800b590   Data          21  bms_msh_commond.o(.rodata.name)
    __fsym___cmd_BMS_CmdOpenDSG_desc         0x0800b5a5   Data           9  bms_msh_commond.o(.rodata.name)
    __fsym___cmd_BMS_CmdCloseDSG_name        0x0800b5ae   Data          22  bms_msh_commond.o(.rodata.name)
    __fsym___cmd_BMS_CmdCloseDSG_desc        0x0800b5c4   Data          10  bms_msh_commond.o(.rodata.name)
    __fsym___cmd_BMS_CmdOpenCHG_name         0x0800b5ce   Data          21  bms_msh_commond.o(.rodata.name)
    __fsym___cmd_BMS_CmdOpenCHG_desc         0x0800b5e3   Data           9  bms_msh_commond.o(.rodata.name)
    __fsym___cmd_BMS_CmdCloseCHG_name        0x0800b5ec   Data          22  bms_msh_commond.o(.rodata.name)
    __fsym___cmd_BMS_CmdCloseCHG_desc        0x0800b602   Data          10  bms_msh_commond.o(.rodata.name)
    __fsym___cmd_BMS_CmdOpenBalance_name     0x0800b60c   Data          25  bms_msh_commond.o(.rodata.name)
    __fsym___cmd_BMS_CmdOpenBalance_desc     0x0800b625   Data          13  bms_msh_commond.o(.rodata.name)
    __fsym___cmd_BMS_CmdCloseBalance_name    0x0800b632   Data          26  bms_msh_commond.o(.rodata.name)
    __fsym___cmd_BMS_CmdCloseBalance_desc    0x0800b64c   Data          14  bms_msh_commond.o(.rodata.name)
    __fsym___cmd_BMS_CmdLoadDetect_name      0x0800b65a   Data          24  bms_msh_commond.o(.rodata.name)
    __fsym___cmd_BMS_CmdLoadDetect_desc      0x0800b672   Data          12  bms_msh_commond.o(.rodata.name)
    __fsym___cmd_BMS_CmdOpenInfo_name        0x0800b67e   Data          22  bms_msh_commond.o(.rodata.name)
    __fsym___cmd_BMS_CmdOpenInfo_desc        0x0800b694   Data          17  bms_msh_commond.o(.rodata.name)
    __fsym___cmd_BMS_CmdCloseInfo_name       0x0800b6a5   Data          23  bms_msh_commond.o(.rodata.name)
    __fsym___cmd_BMS_CmdCloseInfo_desc       0x0800b6bc   Data          18  bms_msh_commond.o(.rodata.name)
    __fsym_list_mem_name                     0x0800b6ce   Data           9  mem.o(.rodata.name)
    __fsym_list_mem_desc                     0x0800b6d7   Data          30  mem.o(.rodata.name)
    __fsym_hello_name                        0x0800b6f5   Data           6  cmd.o(.rodata.name)
    __fsym_hello_desc                        0x0800b6fb   Data          16  cmd.o(.rodata.name)
    __fsym_version_name                      0x0800b70b   Data           8  cmd.o(.rodata.name)
    __fsym_version_desc                      0x0800b713   Data          35  cmd.o(.rodata.name)
    __fsym___cmd_version_name                0x0800b736   Data          14  cmd.o(.rodata.name)
    __fsym___cmd_version_desc                0x0800b744   Data          35  cmd.o(.rodata.name)
    __fsym_list_thread_name                  0x0800b767   Data          12  cmd.o(.rodata.name)
    __fsym_list_thread_desc                  0x0800b773   Data          12  cmd.o(.rodata.name)
    __fsym___cmd_list_thread_name            0x0800b77f   Data          18  cmd.o(.rodata.name)
    __fsym___cmd_list_thread_desc            0x0800b791   Data          12  cmd.o(.rodata.name)
    __fsym_list_sem_name                     0x0800b79d   Data           9  cmd.o(.rodata.name)
    __fsym_list_sem_desc                     0x0800b7a6   Data          25  cmd.o(.rodata.name)
    __fsym___cmd_list_sem_name               0x0800b7bf   Data          15  cmd.o(.rodata.name)
    __fsym___cmd_list_sem_desc               0x0800b7ce   Data          25  cmd.o(.rodata.name)
    __fsym_list_event_name                   0x0800b7e7   Data          11  cmd.o(.rodata.name)
    __fsym_list_event_desc                   0x0800b7f2   Data          21  cmd.o(.rodata.name)
    __fsym___cmd_list_event_name             0x0800b807   Data          17  cmd.o(.rodata.name)
    __fsym___cmd_list_event_desc             0x0800b818   Data          21  cmd.o(.rodata.name)
    __fsym_list_msgqueue_name                0x0800b82d   Data          14  cmd.o(.rodata.name)
    __fsym_list_msgqueue_desc                0x0800b83b   Data          29  cmd.o(.rodata.name)
    __fsym___cmd_list_msgqueue_name          0x0800b858   Data          20  cmd.o(.rodata.name)
    __fsym___cmd_list_msgqueue_desc          0x0800b86c   Data          29  cmd.o(.rodata.name)
    __fsym_list_timer_name                   0x0800b889   Data          11  cmd.o(.rodata.name)
    __fsym_list_timer_desc                   0x0800b894   Data          21  cmd.o(.rodata.name)
    __fsym___cmd_list_timer_name             0x0800b8a9   Data          17  cmd.o(.rodata.name)
    __fsym___cmd_list_timer_desc             0x0800b8ba   Data          21  cmd.o(.rodata.name)
    __fsym_list_name                         0x0800b8cf   Data           5  cmd.o(.rodata.name)
    __fsym_list_desc                         0x0800b8d4   Data          26  cmd.o(.rodata.name)
    __fsym___cmd_help_name                   0x0800b8ee   Data          11  msh.o(.rodata.name)
    __fsym___cmd_help_desc                   0x0800b8f9   Data          22  msh.o(.rodata.name)
    __fsym___cmd_ps_name                     0x0800b90f   Data           9  msh.o(.rodata.name)
    __fsym___cmd_ps_desc                     0x0800b918   Data          28  msh.o(.rodata.name)
    __fsym___cmd_free_name                   0x0800b934   Data          11  msh.o(.rodata.name)
    __fsym___cmd_free_desc                   0x0800b93f   Data          37  msh.o(.rodata.name)
    __rt_init_rti_start                      0x0800b964   Data           4  components.o(.rti_fn.0)
    __rt_init_rti_board_start                0x0800b968   Data           4  components.o(.rti_fn.0.end)
    __rt_init_uart_init                      0x0800b96c   Data           4  board_1.o(.rti_fn.1)
    __rt_init_rti_board_end                  0x0800b970   Data           4  components.o(.rti_fn.1.end)
    __rt_init_finsh_system_init              0x0800b974   Data           4  shell.o(.rti_fn.6)
    __rt_init_rti_end                        0x0800b978   Data           4  components.o(.rti_fn.6.end)
    FSymTab$$Base                            0x0800b97c   Number         0  bms_msh_commond.o(FSymTab)
    __fsym___cmd_BMS_CmdOpenDSG              0x0800b97c   Data          12  bms_msh_commond.o(FSymTab)
    __fsym___cmd_BMS_CmdCloseDSG             0x0800b988   Data          12  bms_msh_commond.o(FSymTab)
    __fsym___cmd_BMS_CmdOpenCHG              0x0800b994   Data          12  bms_msh_commond.o(FSymTab)
    __fsym___cmd_BMS_CmdCloseCHG             0x0800b9a0   Data          12  bms_msh_commond.o(FSymTab)
    __fsym___cmd_BMS_CmdOpenBalance          0x0800b9ac   Data          12  bms_msh_commond.o(FSymTab)
    __fsym___cmd_BMS_CmdCloseBalance         0x0800b9b8   Data          12  bms_msh_commond.o(FSymTab)
    __fsym___cmd_BMS_CmdLoadDetect           0x0800b9c4   Data          12  bms_msh_commond.o(FSymTab)
    __fsym___cmd_BMS_CmdOpenInfo             0x0800b9d0   Data          12  bms_msh_commond.o(FSymTab)
    __fsym___cmd_BMS_CmdCloseInfo            0x0800b9dc   Data          12  bms_msh_commond.o(FSymTab)
    __fsym_list_mem                          0x0800b9e8   Data          12  mem.o(FSymTab)
    __fsym_hello                             0x0800b9f4   Data          12  cmd.o(FSymTab)
    __fsym_version                           0x0800ba00   Data          12  cmd.o(FSymTab)
    __fsym___cmd_version                     0x0800ba0c   Data          12  cmd.o(FSymTab)
    __fsym_list_thread                       0x0800ba18   Data          12  cmd.o(FSymTab)
    __fsym___cmd_list_thread                 0x0800ba24   Data          12  cmd.o(FSymTab)
    __fsym_list_sem                          0x0800ba30   Data          12  cmd.o(FSymTab)
    __fsym___cmd_list_sem                    0x0800ba3c   Data          12  cmd.o(FSymTab)
    __fsym_list_event                        0x0800ba48   Data          12  cmd.o(FSymTab)
    __fsym___cmd_list_event                  0x0800ba54   Data          12  cmd.o(FSymTab)
    __fsym_list_msgqueue                     0x0800ba60   Data          12  cmd.o(FSymTab)
    __fsym___cmd_list_msgqueue               0x0800ba6c   Data          12  cmd.o(FSymTab)
    __fsym_list_timer                        0x0800ba78   Data          12  cmd.o(FSymTab)
    __fsym___cmd_list_timer                  0x0800ba84   Data          12  cmd.o(FSymTab)
    __fsym_list                              0x0800ba90   Data          12  cmd.o(FSymTab)
    __fsym___cmd_help                        0x0800ba9c   Data          12  msh.o(FSymTab)
    __fsym___cmd_ps                          0x0800baa8   Data          12  msh.o(FSymTab)
    __fsym___cmd_free                        0x0800bab4   Data          12  msh.o(FSymTab)
    FSymTab$$Limit                           0x0800bac0   Number         0  msh.o(FSymTab)
    Region$$Table$$Base                      0x0800bac0   Number         0  anon$$obj.o(Region$$Table)
    Region$$Table$$Limit                     0x0800bae0   Number         0  anon$$obj.o(Region$$Table)
    uwTick                                   0x20000000   Data           4  stm32f1xx_hal.o(.data)
    uwTickPrio                               0x20000004   Data           4  stm32f1xx_hal.o(.data)
    uwTickFreq                               0x20000008   Data           1  stm32f1xx_hal.o(.data)
    SystemCoreClock                          0x2000000c   Data           4  system_stm32f1xx.o(.data)
    BMS_ProtectAlert                         0x20000024   Data           2  bms_protect.o(.data)
    BMS_ProtectParam                         0x20000028   Data          68  bms_protect.o(.data)
    BMS_AnalysisData                         0x20000078   Data          48  bms_analysis.o(.data)
    SocOcvTab                                0x200000a8   Data         202  bms_analysis.o(.data)
    BMS_EnergyData                           0x20000174   Data          32  bms_energy.o(.data)
    BalanceSem                               0x20000194   Data           4  bms_energy.o(.data)
    BMS_GlobalParam                          0x200001a7   Data           6  bms_global.o(.data)
    i2c1                                     0x200001b4   Data          32  drv_soft_i2c.o(.data)
    rc                                       0x200001e3   Data           1  drv_rs485.o(.data)
    rt_interrupt_nest                        0x200001fc   Data           1  irq.o(.data)
    rt_assert_hook                           0x20000204   Data           4  kservice.o(.data)
    rt_current_priority                      0x20000270   Data           1  scheduler.o(.data)
    rt_current_thread                        0x20000274   Data           4  scheduler.o(.data)
    rt_thread_ready_priority_group           0x20000278   Data           4  scheduler.o(.data)
    rt_thread_defunct                        0x2000027c   Data           8  scheduler.o(.data)
    rt_interrupt_from_thread                 0x20000294   Data           4  cpuport.o(.data)
    rt_interrupt_to_thread                   0x20000298   Data           4  cpuport.o(.data)
    rt_thread_switch_interrupt_flag          0x2000029c   Data           4  cpuport.o(.data)
    _syscall_table_begin                     0x200002a0   Data           4  shell.o(.data)
    _syscall_table_end                       0x200002a4   Data           4  shell.o(.data)
    _sysvar_table_begin                      0x200002a8   Data           4  shell.o(.data)
    _sysvar_table_end                        0x200002ac   Data           4  shell.o(.data)
    shell                                    0x200002b4   Data           4  shell.o(.data)
    hcan                                     0x200002bc   Data          40  can.o(.bss)
    huart1                                   0x200002e4   Data          68  usart.o(.bss)
    huart2                                   0x20000328   Data          68  usart.o(.bss)
    BMS_MonitorData                          0x2000036c   Data          76  bms_monitor.o(.bss)
    BQ769X0_SampleData                       0x2000040c   Data          36  drv_softi2c_bq769x0.o(.bss)
    rt_thread_priority_table                 0x20000650   Data         256  scheduler.o(.bss)
    __initial_sp                             0x20003418   Data           0  startup_stm32f103xb.o(STACK)



==============================================================================

Memory Map of the image

  Image Entry point : 0x080000ed

  Load Region LR_IROM1 (Base: 0x08000000, Size: 0x0000bd9c, Max: 0x00010000, ABSOLUTE, COMPRESSED[0x0000bc68])

    Execution Region ER_IROM1 (Exec base: 0x08000000, Load base: 0x08000000, Size: 0x0000bae0, Max: 0x00010000, ABSOLUTE)

    Exec Addr    Load Addr    Size         Type   Attr      Idx    E Section Name        Object

    0x08000000   0x08000000   0x000000ec   Data   RO            3    RESET               startup_stm32f103xb.o
    0x080000ec   0x080000ec   0x00000000   Code   RO         4884  * .ARM.Collect$$$$00000000  mc_w.l(entry.o)
    0x080000ec   0x080000ec   0x00000004   Code   RO         5219    .ARM.Collect$$$$00000001  mc_w.l(entry2.o)
    0x080000f0   0x080000f0   0x00000004   Code   RO         5222    .ARM.Collect$$$$00000004  mc_w.l(entry5.o)
    0x080000f4   0x080000f4   0x00000000   Code   RO         5224    .ARM.Collect$$$$00000008  mc_w.l(entry7b.o)
    0x080000f4   0x080000f4   0x00000000   Code   RO         5226    .ARM.Collect$$$$0000000A  mc_w.l(entry8b.o)
    0x080000f4   0x080000f4   0x00000008   Code   RO         5227    .ARM.Collect$$$$0000000B  mc_w.l(entry9a.o)
    0x080000fc   0x080000fc   0x00000004   Code   RO         5234    .ARM.Collect$$$$0000000E  mc_w.l(entry12b.o)
    0x08000100   0x08000100   0x00000000   Code   RO         5229    .ARM.Collect$$$$0000000F  mc_w.l(entry10a.o)
    0x08000100   0x08000100   0x00000000   Code   RO         5231    .ARM.Collect$$$$00000011  mc_w.l(entry11a.o)
    0x08000100   0x08000100   0x00000004   Code   RO         5220    .ARM.Collect$$$$00002712  mc_w.l(entry2.o)
    0x08000104   0x08000104   0x00000024   Code   RO            4    .text               startup_stm32f103xb.o
    0x08000128   0x08000128   0x000000f4   Code   RO         3485    .text               context_rvds.o
    0x0800021c   0x0800021c   0x00000020   Code   RO         4887    .text               mc_w.l(llushr.o)
    0x0800023c   0x0800023c   0x00000024   Code   RO         4889    .text               mc_w.l(memcpya.o)
    0x08000260   0x08000260   0x00000024   Code   RO         4891    .text               mc_w.l(memseta.o)
    0x08000284   0x08000284   0x00000018   Code   RO         4893    .text               mc_w.l(strcat.o)
    0x0800029c   0x0800029c   0x00000018   Code   RO         4895    .text               mc_w.l(strncpy.o)
    0x080002b4   0x080002b4   0x0000000e   Code   RO         4897    .text               mc_w.l(strlen.o)
    0x080002c2   0x080002c2   0x0000001e   Code   RO         4901    .text               mc_w.l(strncmp.o)
    0x080002e0   0x080002e0   0x000000b0   Code   RO         5166    .text               mf_w.l(fadd.o)
    0x08000390   0x08000390   0x00000064   Code   RO         5168    .text               mf_w.l(fmul.o)
    0x080003f4   0x080003f4   0x0000007c   Code   RO         5170    .text               mf_w.l(fdiv.o)
    0x08000470   0x08000470   0x0000014e   Code   RO         5172    .text               mf_w.l(dadd.o)
    0x080005be   0x080005be   0x000000e4   Code   RO         5174    .text               mf_w.l(dmul.o)
    0x080006a2   0x080006a2   0x000000de   Code   RO         5176    .text               mf_w.l(ddiv.o)
    0x08000780   0x08000780   0x00000012   Code   RO         5178    .text               mf_w.l(fflti.o)
    0x08000792   0x08000792   0x0000000a   Code   RO         5180    .text               mf_w.l(ffltui.o)
    0x0800079c   0x0800079c   0x00000022   Code   RO         5182    .text               mf_w.l(dflti.o)
    0x080007be   0x080007be   0x0000001a   Code   RO         5184    .text               mf_w.l(dfltui.o)
    0x080007d8   0x080007d8   0x00000032   Code   RO         5186    .text               mf_w.l(ffixi.o)
    0x0800080a   0x0800080a   0x00000028   Code   RO         5188    .text               mf_w.l(ffixui.o)
    0x08000832   0x08000832   0x00000026   Code   RO         5190    .text               mf_w.l(f2d.o)
    0x08000858   0x08000858   0x00000030   Code   RO         5192    .text               mf_w.l(cdcmple.o)
    0x08000888   0x08000888   0x00000030   Code   RO         5194    .text               mf_w.l(cdrcmple.o)
    0x080008b8   0x080008b8   0x00000038   Code   RO         5196    .text               mf_w.l(d2f.o)
    0x080008f0   0x080008f0   0x00000014   Code   RO         5198    .text               mf_w.l(cfcmple.o)
    0x08000904   0x08000904   0x00000014   Code   RO         5200    .text               mf_w.l(cfrcmple.o)
    0x08000918   0x08000918   0x0000002c   Code   RO         5238    .text               mc_w.l(uidiv.o)
    0x08000944   0x08000944   0x00000062   Code   RO         5240    .text               mc_w.l(uldiv.o)
    0x080009a6   0x080009a6   0x0000001e   Code   RO         5242    .text               mc_w.l(llshl.o)
    0x080009c4   0x080009c4   0x00000024   Code   RO         5244    .text               mc_w.l(llsshr.o)
    0x080009e8   0x080009e8   0x00000000   Code   RO         5253    .text               mc_w.l(iusefp.o)
    0x080009e8   0x080009e8   0x0000006e   Code   RO         5254    .text               mf_w.l(fepilogue.o)
    0x08000a56   0x08000a56   0x000000ba   Code   RO         5256    .text               mf_w.l(depilogue.o)
    0x08000b10   0x08000b10   0x0000002e   Code   RO         5258    .text               mf_w.l(dscalb.o)
    0x08000b3e   0x08000b3e   0x00000030   Code   RO         5260    .text               mf_w.l(dfixul.o)
    0x08000b6e   0x08000b6e   0x00000002   PAD
    0x08000b70   0x08000b70   0x00000024   Code   RO         5262    .text               mc_w.l(init.o)
    0x08000b94   0x08000b94   0x00000056   Code   RO         5274    .text               mc_w.l(__dczerorl2.o)
    0x08000bea   0x08000bea   0x0000000a   Code   RO         3527    i.$Sub$$main        components.o
    0x08000bf4   0x08000bf4   0x00000120   Code   RO         2428    i.BMS_AnalysisAHSocCalculate  bms_analysis.o
    0x08000d14   0x08000d14   0x00000008   Code   RO         2429    i.BMS_AnalysisCalCap  bms_analysis.o
    0x08000d1c   0x08000d1c   0x00000060   Code   RO         2430    i.BMS_AnalysisCapAndSocInit  bms_analysis.o
    0x08000d7c   0x08000d7c   0x00000090   Code   RO         2431    i.BMS_AnalysisEasy  bms_analysis.o
    0x08000e0c   0x08000e0c   0x0000007c   Code   RO         2432    i.BMS_AnalysisInit  bms_analysis.o
    0x08000e88   0x08000e88   0x00000070   Code   RO         2433    i.BMS_AnalysisOcvSocCalculate  bms_analysis.o
    0x08000ef8   0x08000ef8   0x0000007c   Code   RO         2434    i.BMS_AnalysisOcvToSoc  bms_analysis.o
    0x08000f74   0x08000f74   0x0000000c   Code   RO         2435    i.BMS_AnalysisSocCheck  bms_analysis.o
    0x08000f80   0x08000f80   0x0000001c   Code   RO         2436    i.BMS_AnalysisTaskEntry  bms_analysis.o
    0x08000f9c   0x08000f9c   0x00000100   Code   RO         2437    i.BMS_AnalysisTempCal  bms_analysis.o
    0x0800109c   0x0800109c   0x00000074   Code   RO         2501    i.BMS_BalanceStartTimer  bms_energy.o
    0x08001110   0x08001110   0x00000080   Code   RO         2502    i.BMS_BalanceTimerEntry  bms_energy.o
    0x08001190   0x08001190   0x0000013c   Code   RO         2317    i.BMS_ChargeMonitor  bms_protect.o
    0x080012cc   0x080012cc   0x0000001c   Code   RO         2646    i.BMS_CmdCloseBalance  bms_msh_commond.o
    0x080012e8   0x080012e8   0x0000000c   Code   RO         2647    i.BMS_CmdCloseCHG   bms_msh_commond.o
    0x080012f4   0x080012f4   0x0000000c   Code   RO         2648    i.BMS_CmdCloseDSG   bms_msh_commond.o
    0x08001300   0x08001300   0x0000000a   Code   RO         2649    i.BMS_CmdCloseInfo  bms_msh_commond.o
    0x0800130a   0x0800130a   0x00000002   PAD
    0x0800130c   0x0800130c   0x00000078   Code   RO         2650    i.BMS_CmdLoadDetect  bms_msh_commond.o
    0x08001384   0x08001384   0x0000000c   Code   RO         2651    i.BMS_CmdOpenBalance  bms_msh_commond.o
    0x08001390   0x08001390   0x0000000c   Code   RO         2652    i.BMS_CmdOpenCHG    bms_msh_commond.o
    0x0800139c   0x0800139c   0x0000000c   Code   RO         2653    i.BMS_CmdOpenDSG    bms_msh_commond.o
    0x080013a8   0x080013a8   0x0000000a   Code   RO         2654    i.BMS_CmdOpenInfo   bms_msh_commond.o
    0x080013b2   0x080013b2   0x00000002   PAD
    0x080013b4   0x080013b4   0x000000c8   Code   RO         2318    i.BMS_DischargeMonitor  bms_protect.o
    0x0800147c   0x0800147c   0x000001e0   Code   RO         2503    i.BMS_EnergyBalanceManage  bms_energy.o
    0x0800165c   0x0800165c   0x000001c8   Code   RO         2504    i.BMS_EnergyChgDsgManage  bms_energy.o
    0x08001824   0x08001824   0x000000e4   Code   RO         2505    i.BMS_EnergyInit    bms_energy.o
    0x08001908   0x08001908   0x0000005c   Code   RO         2506    i.BMS_EnergyTaskEntry  bms_energy.o
    0x08001964   0x08001964   0x00000010   Code   RO         2806    i.BMS_HalCtrlCellsBalance  bms_hal_control.o
    0x08001974   0x08001974   0x0000000e   Code   RO         2807    i.BMS_HalCtrlCharge  bms_hal_control.o
    0x08001982   0x08001982   0x0000000e   Code   RO         2808    i.BMS_HalCtrlDischarge  bms_hal_control.o
    0x08001990   0x08001990   0x0000014c   Code   RO         2555    i.BMS_InfoBatCapacityIndicator  bms_info.o
    0x08001adc   0x08001adc   0x00000070   Code   RO         2556    i.BMS_InfoInit      bms_info.o
    0x08001b4c   0x08001b4c   0x000004a8   Code   RO         2557    i.BMS_InfoPrintf    bms_info.o
    0x08001ff4   0x08001ff4   0x0000001c   Code   RO         2558    i.BMS_InfoSetPrintf  bms_info.o
    0x08002010   0x08002010   0x00000020   Code   RO         2559    i.BMS_InfoTaskEntry  bms_info.o
    0x08002030   0x08002030   0x000000e0   Code   RO         2236    i.BMS_MonitorBattery  bms_monitor.o
    0x08002110   0x08002110   0x0000000c   Code   RO         2237    i.BMS_MonitorHwCurrent  bms_monitor.o
    0x0800211c   0x0800211c   0x00000078   Code   RO         2238    i.BMS_MonitorInit   bms_monitor.o
    0x08002194   0x08002194   0x00000214   Code   RO         2243    i.BMS_MonitorSysMode  bms_monitor.o
    0x080023a8   0x080023a8   0x00000012   Code   RO         2244    i.BMS_MonitorTaskEntry  bms_monitor.o
    0x080023ba   0x080023ba   0x00000002   PAD
    0x080023bc   0x080023bc   0x0000004c   Code   RO         2319    i.BMS_ProtectHwDevice  bms_protect.o
    0x08002408   0x08002408   0x00000104   Code   RO         2320    i.BMS_ProtectHwMonitor  bms_protect.o
    0x0800250c   0x0800250c   0x00000014   Code   RO         2321    i.BMS_ProtectHwOCD  bms_protect.o
    0x08002520   0x08002520   0x00000014   Code   RO         2322    i.BMS_ProtectHwOV   bms_protect.o
    0x08002534   0x08002534   0x0000004c   Code   RO         2323    i.BMS_ProtectHwOvrd  bms_protect.o
    0x08002580   0x08002580   0x00000014   Code   RO         2324    i.BMS_ProtectHwSCD  bms_protect.o
    0x08002594   0x08002594   0x00000014   Code   RO         2325    i.BMS_ProtectHwUV   bms_protect.o
    0x080025a8   0x080025a8   0x000000cc   Code   RO         2326    i.BMS_ProtectInit   bms_protect.o
    0x08002674   0x08002674   0x000000a8   Code   RO         2327    i.BMS_ProtectRelieve  bms_protect.o
    0x0800271c   0x0800271c   0x000001ac   Code   RO         2328    i.BMS_ProtectRelieveWait  bms_protect.o
    0x080028c8   0x080028c8   0x00000074   Code   RO         2329    i.BMS_ProtectStartTimer  bms_protect.o
    0x0800293c   0x0800293c   0x00000034   Code   RO         2330    i.BMS_ProtectSwMonitor  bms_protect.o
    0x08002970   0x08002970   0x00000038   Code   RO         2331    i.BMS_ProtectTaskEntry  bms_protect.o
    0x080029a8   0x080029a8   0x0000005c   Code   RO         2332    i.BMS_ProtectTimerEntry  bms_protect.o
    0x08002a04   0x08002a04   0x00000084   Code   RO         2147    i.BMS_SysInitialize  bms_app.o
    0x08002a88   0x08002a88   0x000000d4   Code   RO         3134    i.BQ769X0_AlertyHandler  drv_softi2c_bq769x0.o
    0x08002b5c   0x08002b5c   0x00000074   Code   RO         3135    i.BQ769X0_CellBalanceControl  drv_softi2c_bq769x0.o
    0x08002bd0   0x08002bd0   0x000000f8   Code   RO         3136    i.BQ769X0_Configuration  drv_softi2c_bq769x0.o
    0x08002cc8   0x08002cc8   0x00000030   Code   RO         3137    i.BQ769X0_ControlDSGOrCHG  drv_softi2c_bq769x0.o
    0x08002cf8   0x08002cf8   0x0000001c   Code   RO         3138    i.BQ769X0_EntryShip  drv_softi2c_bq769x0.o
    0x08002d14   0x08002d14   0x000000c4   Code   RO         3139    i.BQ769X0_GetADCGainOffset  drv_softi2c_bq769x0.o
    0x08002dd8   0x08002dd8   0x00000130   Code   RO         3140    i.BQ769X0_Initialize  drv_softi2c_bq769x0.o
    0x08002f08   0x08002f08   0x0000002c   Code   RO         3141    i.BQ769X0_LoadDetect  drv_softi2c_bq769x0.o
    0x08002f34   0x08002f34   0x00000190   Code   RO         3145    i.BQ769X0_ReadBlockWithCRC  drv_softi2c_bq769x0.o
    0x080030c4   0x080030c4   0x00000114   Code   RO         3147    i.BQ769X0_ReadRegisterByteWithCRC  drv_softi2c_bq769x0.o
    0x080031d8   0x080031d8   0x0000017c   Code   RO         3148    i.BQ769X0_ReadRegisterWordWithCRC  drv_softi2c_bq769x0.o
    0x08003354   0x08003354   0x00000020   Code   RO         3150    i.BQ769X0_TS1_SetInMode  drv_softi2c_bq769x0.o
    0x08003374   0x08003374   0x00000024   Code   RO         3151    i.BQ769X0_TS1_SetOutMode  drv_softi2c_bq769x0.o
    0x08003398   0x08003398   0x000000d0   Code   RO         3154    i.BQ769X0_UpadteBatVolt  drv_softi2c_bq769x0.o
    0x08003468   0x08003468   0x000000d8   Code   RO         3155    i.BQ769X0_UpdateCellVolt  drv_softi2c_bq769x0.o
    0x08003540   0x08003540   0x000000d8   Code   RO         3156    i.BQ769X0_UpdateCurrent  drv_softi2c_bq769x0.o
    0x08003618   0x08003618   0x00000140   Code   RO         3158    i.BQ769X0_UpdateTsTemp  drv_softi2c_bq769x0.o
    0x08003758   0x08003758   0x00000038   Code   RO         3159    i.BQ769X0_Wakeup    drv_softi2c_bq769x0.o
    0x08003790   0x08003790   0x000000f4   Code   RO         3160    i.BQ769X0_WriteBlockWithCRC  drv_softi2c_bq769x0.o
    0x08003884   0x08003884   0x000000b8   Code   RO         3162    i.BQ769X0_WriteRegisterByteWithCRC  drv_softi2c_bq769x0.o
    0x0800393c   0x0800393c   0x00000018   Code   RO         2921    i.Bms_HalMonitorBatteryCurrent  bms_hal_monitor.o
    0x08003954   0x08003954   0x00000018   Code   RO         2922    i.Bms_HalMonitorBatteryVoltage  bms_hal_monitor.o
    0x0800396c   0x0800396c   0x00000068   Code   RO         2923    i.Bms_HalMonitorCellTemperature  bms_hal_monitor.o
    0x080039d4   0x080039d4   0x00000058   Code   RO         2924    i.Bms_HalMonitorCellVoltage  bms_hal_monitor.o
    0x08003a2c   0x08003a2c   0x00000008   Code   RO         2925    i.Bms_HalMonitorLoadDetect  bms_hal_monitor.o
    0x08003a34   0x08003a34   0x00000046   Code   RO         2716    i.BubbleFloat       bms_utils.o
    0x08003a7a   0x08003a7a   0x00000052   Code   RO         2717    i.BubbleSort        bms_utils.o
    0x08003acc   0x08003acc   0x00000004   Code   RO          304    i.BusFault_Handler  stm32f1xx_it.o
    0x08003ad0   0x08003ad0   0x00000010   Code   RO          305    i.CAN1_RX1_IRQHandler  stm32f1xx_it.o
    0x08003ae0   0x08003ae0   0x00000044   Code   RO         3164    i.CRC8              drv_softi2c_bq769x0.o
    0x08003b24   0x08003b24   0x00000002   Code   RO          306    i.DebugMon_Handler  stm32f1xx_it.o
    0x08003b26   0x08003b26   0x0000000c   Code   RO          307    i.EXTI15_10_IRQHandler  stm32f1xx_it.o
    0x08003b32   0x08003b32   0x00000006   Code   RO           13    i.Error_Handler     main.o
    0x08003b38   0x08003b38   0x0000000e   Code   RO         2993    i.GET_SDA           drv_soft_i2c.o
    0x08003b46   0x08003b46   0x00000002   Code   RO          446    i.HAL_CAN_ErrorCallback  stm32f1xx_hal_can.o
    0x08003b48   0x08003b48   0x0000017a   Code   RO          449    i.HAL_CAN_GetRxMessage  stm32f1xx_hal_can.o
    0x08003cc2   0x08003cc2   0x0000024e   Code   RO          453    i.HAL_CAN_IRQHandler  stm32f1xx_hal_can.o
    0x08003f10   0x08003f10   0x00000174   Code   RO          454    i.HAL_CAN_Init      stm32f1xx_hal_can.o
    0x08004084   0x08004084   0x000000a8   Code   RO          215    i.HAL_CAN_MspInit   can.o
    0x0800412c   0x0800412c   0x00000002   Code   RO          461    i.HAL_CAN_RxFifo0FullCallback  stm32f1xx_hal_can.o
    0x0800412e   0x0800412e   0x00000002   PAD
    0x08004130   0x08004130   0x000000b4   Code   RO         3414    i.HAL_CAN_RxFifo0MsgPendingCallback  drv_can.o
    0x080041e4   0x080041e4   0x00000002   Code   RO          463    i.HAL_CAN_RxFifo1FullCallback  stm32f1xx_hal_can.o
    0x080041e6   0x080041e6   0x00000002   Code   RO          464    i.HAL_CAN_RxFifo1MsgPendingCallback  stm32f1xx_hal_can.o
    0x080041e8   0x080041e8   0x00000002   Code   RO          465    i.HAL_CAN_SleepCallback  stm32f1xx_hal_can.o
    0x080041ea   0x080041ea   0x00000002   Code   RO          468    i.HAL_CAN_TxMailbox0AbortCallback  stm32f1xx_hal_can.o
    0x080041ec   0x080041ec   0x00000002   Code   RO          469    i.HAL_CAN_TxMailbox0CompleteCallback  stm32f1xx_hal_can.o
    0x080041ee   0x080041ee   0x00000002   Code   RO          470    i.HAL_CAN_TxMailbox1AbortCallback  stm32f1xx_hal_can.o
    0x080041f0   0x080041f0   0x00000002   Code   RO          471    i.HAL_CAN_TxMailbox1CompleteCallback  stm32f1xx_hal_can.o
    0x080041f2   0x080041f2   0x00000002   Code   RO          472    i.HAL_CAN_TxMailbox2AbortCallback  stm32f1xx_hal_can.o
    0x080041f4   0x080041f4   0x00000002   Code   RO          473    i.HAL_CAN_TxMailbox2CompleteCallback  stm32f1xx_hal_can.o
    0x080041f6   0x080041f6   0x00000002   Code   RO          475    i.HAL_CAN_WakeUpFromRxMsgCallback  stm32f1xx_hal_can.o
    0x080041f8   0x080041f8   0x00000056   Code   RO         1058    i.HAL_DMA_Abort     stm32f1xx_hal_dma.o
    0x0800424e   0x0800424e   0x00000002   PAD
    0x08004250   0x08004250   0x000000b0   Code   RO         1059    i.HAL_DMA_Abort_IT  stm32f1xx_hal_dma.o
    0x08004300   0x08004300   0x00000010   Code   RO         3165    i.HAL_GPIO_EXTI_Callback  drv_softi2c_bq769x0.o
    0x08004310   0x08004310   0x0000001c   Code   RO          993    i.HAL_GPIO_EXTI_IRQHandler  stm32f1xx_hal_gpio.o
    0x0800432c   0x0800432c   0x00000320   Code   RO          994    i.HAL_GPIO_Init     stm32f1xx_hal_gpio.o
    0x0800464c   0x0800464c   0x00000010   Code   RO          996    i.HAL_GPIO_ReadPin  stm32f1xx_hal_gpio.o
    0x0800465c   0x0800465c   0x00000014   Code   RO          997    i.HAL_GPIO_TogglePin  stm32f1xx_hal_gpio.o
    0x08004670   0x08004670   0x0000000c   Code   RO          998    i.HAL_GPIO_WritePin  stm32f1xx_hal_gpio.o
    0x0800467c   0x0800467c   0x0000000c   Code   RO          685    i.HAL_GetTick       stm32f1xx_hal.o
    0x08004688   0x08004688   0x00000028   Code   RO          692    i.HAL_Init          stm32f1xx_hal.o
    0x080046b0   0x080046b0   0x0000004c   Code   RO          693    i.HAL_InitTick      stm32f1xx_hal.o
    0x080046fc   0x080046fc   0x0000005c   Code   RO          380    i.HAL_MspInit       stm32f1xx_hal_msp.o
    0x08004758   0x08004758   0x00000020   Code   RO         1154    i.HAL_NVIC_EnableIRQ  stm32f1xx_hal_cortex.o
    0x08004778   0x08004778   0x0000007c   Code   RO         1160    i.HAL_NVIC_SetPriority  stm32f1xx_hal_cortex.o
    0x080047f4   0x080047f4   0x00000028   Code   RO         1161    i.HAL_NVIC_SetPriorityGrouping  stm32f1xx_hal_cortex.o
    0x0800481c   0x0800481c   0x0000018c   Code   RO          849    i.HAL_RCC_ClockConfig  stm32f1xx_hal_rcc.o
    0x080049a8   0x080049a8   0x0000000c   Code   RO          854    i.HAL_RCC_GetHCLKFreq  stm32f1xx_hal_rcc.o
    0x080049b4   0x080049b4   0x00000020   Code   RO          856    i.HAL_RCC_GetPCLK1Freq  stm32f1xx_hal_rcc.o
    0x080049d4   0x080049d4   0x00000020   Code   RO          857    i.HAL_RCC_GetPCLK2Freq  stm32f1xx_hal_rcc.o
    0x080049f4   0x080049f4   0x00000094   Code   RO          858    i.HAL_RCC_GetSysClockFreq  stm32f1xx_hal_rcc.o
    0x08004a88   0x08004a88   0x00000464   Code   RO          861    i.HAL_RCC_OscConfig  stm32f1xx_hal_rcc.o
    0x08004eec   0x08004eec   0x00000034   Code   RO         1165    i.HAL_SYSTICK_Config  stm32f1xx_hal_cortex.o
    0x08004f20   0x08004f20   0x00000002   Code   RO         1727    i.HAL_UARTEx_RxEventCallback  stm32f1xx_hal_uart.o
    0x08004f22   0x08004f22   0x00000002   Code   RO         1741    i.HAL_UART_ErrorCallback  stm32f1xx_hal_uart.o
    0x08004f24   0x08004f24   0x0000024c   Code   RO         1744    i.HAL_UART_IRQHandler  stm32f1xx_hal_uart.o
    0x08005170   0x08005170   0x00000072   Code   RO         1745    i.HAL_UART_Init     stm32f1xx_hal_uart.o
    0x080051e2   0x080051e2   0x00000002   PAD
    0x080051e4   0x080051e4   0x00000100   Code   RO          257    i.HAL_UART_MspInit  usart.o
    0x080052e4   0x080052e4   0x00000042   Code   RO         1750    i.HAL_UART_Receive_IT  stm32f1xx_hal_uart.o
    0x08005326   0x08005326   0x00000002   PAD
    0x08005328   0x08005328   0x0000006c   Code   RO         3351    i.HAL_UART_RxCpltCallback  drv_rs485.o
    0x08005394   0x08005394   0x000000d2   Code   RO         1753    i.HAL_UART_Transmit  stm32f1xx_hal_uart.o
    0x08005466   0x08005466   0x00000058   Code   RO         1755    i.HAL_UART_Transmit_IT  stm32f1xx_hal_uart.o
    0x080054be   0x080054be   0x00000002   PAD
    0x080054c0   0x080054c0   0x0000006c   Code   RO         3352    i.HAL_UART_TxCpltCallback  drv_rs485.o
    0x0800552c   0x0800552c   0x00000010   Code   RO         2994    i.I2C1_Lock         drv_soft_i2c.o
    0x0800553c   0x0800553c   0x00000002   Code   RO         2995    i.I2C1_LockInit     drv_soft_i2c.o
    0x0800553e   0x0800553e   0x00000002   PAD
    0x08005540   0x08005540   0x00000010   Code   RO         2996    i.I2C1_Unlock       drv_soft_i2c.o
    0x08005550   0x08005550   0x000000ec   Code   RO         2997    i.I2C_BitSendAddress  drv_soft_i2c.o
    0x0800563c   0x0800563c   0x0000003e   Code   RO         2998    i.I2C_BusHardwareInitialize  drv_soft_i2c.o
    0x0800567a   0x0800567a   0x00000002   PAD
    0x0800567c   0x0800567c   0x00000010   Code   RO         2999    i.I2C_BusInitialize  drv_soft_i2c.o
    0x0800568c   0x0800568c   0x00000048   Code   RO         3000    i.I2C_ReadByte      drv_soft_i2c.o
    0x080056d4   0x080056d4   0x00000068   Code   RO         3001    i.I2C_RecvBytes     drv_soft_i2c.o
    0x0800573c   0x0800573c   0x0000002a   Code   RO         3002    i.I2C_Restart       drv_soft_i2c.o
    0x08005766   0x08005766   0x00000048   Code   RO         3003    i.I2C_SendAddress   drv_soft_i2c.o
    0x080057ae   0x080057ae   0x00000072   Code   RO         3004    i.I2C_SendBytes     drv_soft_i2c.o
    0x08005820   0x08005820   0x00000018   Code   RO         3005    i.I2C_Start         drv_soft_i2c.o
    0x08005838   0x08005838   0x0000002a   Code   RO         3006    i.I2C_Stop          drv_soft_i2c.o
    0x08005862   0x08005862   0x000000b6   Code   RO         3007    i.I2C_TransferMessages  drv_soft_i2c.o
    0x08005918   0x08005918   0x00000080   Code   RO         3008    i.I2C_WriteByte     drv_soft_i2c.o
    0x08005998   0x08005998   0x00000048   Code   RO          216    i.MX_CAN_Init       can.o
    0x080059e0   0x080059e0   0x00000130   Code   RO          190    i.MX_GPIO_Init      gpio.o
    0x08005b10   0x08005b10   0x00000038   Code   RO          258    i.MX_USART1_UART_Init  usart.o
    0x08005b48   0x08005b48   0x00000038   Code   RO          259    i.MX_USART2_UART_Init  usart.o
    0x08005b80   0x08005b80   0x00000004   Code   RO          308    i.MemManage_Handler  stm32f1xx_it.o
    0x08005b84   0x08005b84   0x00000004   Code   RO          309    i.NMI_Handler       stm32f1xx_it.o
    0x08005b88   0x08005b88   0x00000028   Code   RO          862    i.RCC_Delay         stm32f1xx_hal_rcc.o
    0x08005bb0   0x08005bb0   0x00000014   Code   RO         3355    i.RS485_TransmitState  drv_rs485.o
    0x08005bc4   0x08005bc4   0x00000010   Code   RO         3009    i.SCL_H             drv_soft_i2c.o
    0x08005bd4   0x08005bd4   0x00000010   Code   RO         3010    i.SCL_L             drv_soft_i2c.o
    0x08005be4   0x08005be4   0x00000010   Code   RO         3011    i.SDA_H             drv_soft_i2c.o
    0x08005bf4   0x08005bf4   0x00000010   Code   RO         3012    i.SDA_L             drv_soft_i2c.o
    0x08005c04   0x08005c04   0x0000001c   Code   RO         3013    i.SDA_SetInMode     drv_soft_i2c.o
    0x08005c20   0x08005c20   0x0000001e   Code   RO         3014    i.SDA_SetOutMode    drv_soft_i2c.o
    0x08005c3e   0x08005c3e   0x00000012   Code   RO         4523    i.SysTick_Handler   board_1.o
    0x08005c50   0x08005c50   0x00000066   Code   RO           14    i.SystemClock_Config  main.o
    0x08005cb6   0x08005cb6   0x00000002   PAD
    0x08005cb8   0x08005cb8   0x000000a4   Code   RO         2083    i.SystemCoreClockUpdate  system_stm32f1xx.o
    0x08005d5c   0x08005d5c   0x00000002   Code   RO         2084    i.SystemInit        system_stm32f1xx.o
    0x08005d5e   0x08005d5e   0x00000002   PAD
    0x08005d60   0x08005d60   0x000000bc   Code   RO         3166    i.TempChange        drv_softi2c_bq769x0.o
    0x08005e1c   0x08005e1c   0x00000014   Code   RO         1758    i.UART_DMAAbortOnError  stm32f1xx_hal_uart.o
    0x08005e30   0x08005e30   0x00000036   Code   RO         1768    i.UART_EndRxTransfer  stm32f1xx_hal_uart.o
    0x08005e66   0x08005e66   0x00000020   Code   RO         1769    i.UART_EndTransmit_IT  stm32f1xx_hal_uart.o
    0x08005e86   0x08005e86   0x000000e4   Code   RO         1771    i.UART_Receive_IT   stm32f1xx_hal_uart.o
    0x08005f6a   0x08005f6a   0x00000002   PAD
    0x08005f6c   0x08005f6c   0x000000fc   Code   RO         1772    i.UART_SetConfig    stm32f1xx_hal_uart.o
    0x08006068   0x08006068   0x00000046   Code   RO         1774    i.UART_Start_Receive_IT  stm32f1xx_hal_uart.o
    0x080060ae   0x080060ae   0x00000060   Code   RO         1775    i.UART_Transmit_IT  stm32f1xx_hal_uart.o
    0x0800610e   0x0800610e   0x0000006c   Code   RO         1776    i.UART_WaitOnFlagUntilTimeout  stm32f1xx_hal_uart.o
    0x0800617a   0x0800617a   0x00000002   PAD
    0x0800617c   0x0800617c   0x00000010   Code   RO          310    i.USART2_IRQHandler  stm32f1xx_it.o
    0x0800618c   0x0800618c   0x00000010   Code   RO          311    i.USB_LP_CAN1_RX0_IRQHandler  stm32f1xx_it.o
    0x0800619c   0x0800619c   0x00000004   Code   RO          312    i.UsageFault_Handler  stm32f1xx_it.o
    0x080061a0   0x080061a0   0x00000028   Code   RO         5140    i.__0sprintf        mc_w.l(printfa.o)
    0x080061c8   0x080061c8   0x00000010   Code   RO         1167    i.__NVIC_GetPriorityGrouping  stm32f1xx_hal_cortex.o
    0x080061d8   0x080061d8   0x00000028   Code   RO         1168    i.__NVIC_SetPriority  stm32f1xx_hal_cortex.o
    0x08006200   0x08006200   0x000000aa   Code   RO         5216    i.__kernel_poly     m_ws.l(poly.o)
    0x080062aa   0x080062aa   0x00000002   PAD
    0x080062ac   0x080062ac   0x00000010   Code   RO         5202    i.__mathlib_dbl_divzero  m_ws.l(dunder.o)
    0x080062bc   0x080062bc   0x00000006   Code   RO         5203    i.__mathlib_dbl_infnan  m_ws.l(dunder.o)
    0x080062c2   0x080062c2   0x0000000c   Code   RO         5205    i.__mathlib_dbl_invalid  m_ws.l(dunder.o)
    0x080062ce   0x080062ce   0x00000002   PAD
    0x080062d0   0x080062d0   0x00000048   Code   RO         3830    i.__rt_ffs          kservice.o
    0x08006318   0x08006318   0x0000000e   Code   RO         5268    i.__scatterload_copy  mc_w.l(handlers.o)
    0x08006326   0x08006326   0x00000002   Code   RO         5269    i.__scatterload_null  mc_w.l(handlers.o)
    0x08006328   0x08006328   0x0000000e   Code   RO         5270    i.__scatterload_zeroinit  mc_w.l(handlers.o)
    0x08006336   0x08006336   0x00000002   PAD
    0x08006338   0x08006338   0x0000000c   Code   RO         5248    i.__set_errno       mc_w.l(errno.o)
    0x08006344   0x08006344   0x00000184   Code   RO         5145    i._fp_digits        mc_w.l(printfa.o)
    0x080064c8   0x080064c8   0x0000009c   Code   RO         4697    i._msh_exec_cmd     msh.o
    0x08006564   0x08006564   0x000006b4   Code   RO         5146    i._printf_core      mc_w.l(printfa.o)
    0x08006c18   0x08006c18   0x00000024   Code   RO         5147    i._printf_post_padding  mc_w.l(printfa.o)
    0x08006c3c   0x08006c3c   0x0000002e   Code   RO         5148    i._printf_pre_padding  mc_w.l(printfa.o)
    0x08006c6a   0x08006c6a   0x00000002   PAD
    0x08006c6c   0x08006c6c   0x000000b0   Code   RO         4245    i._rt_thread_init   thread.o
    0x08006d1c   0x08006d1c   0x00000028   Code   RO         4369    i._rt_timer_init    timer.o
    0x08006d44   0x08006d44   0x0000000a   Code   RO         5150    i._sputc            mc_w.l(printfa.o)
    0x08006d4e   0x08006d4e   0x0000001c   Code   RO         4246    i._thread_cleanup_execute  thread.o
    0x08006d6a   0x08006d6a   0x00000002   PAD
    0x08006d6c   0x08006d6c   0x000000f4   Code   RO         4457    i.bus_fault_track   cpuport.o
    0x08006e60   0x08006e60   0x0000000a   Code   RO         4698    i.cmd_free          msh.o
    0x08006e6a   0x08006e6a   0x0000000a   Code   RO         4699    i.cmd_ps            msh.o
    0x08006e74   0x08006e74   0x00000020   Code   RO         2926    i.compaer_cell      bms_hal_monitor.o
    0x08006e94   0x08006e94   0x0000001c   Code   RO         3015    i.delay_us          drv_soft_i2c.o
    0x08006eb0   0x08006eb0   0x00000070   Code   RO         4776    i.finsh_get_prompt  shell.o
    0x08006f20   0x08006f20   0x00000004   Code   RO         4778    i.finsh_getchar     shell.o
    0x08006f24   0x08006f24   0x00000044   Code   RO         4781    i.finsh_set_prompt_mode  shell.o
    0x08006f68   0x08006f68   0x0000000c   Code   RO         4782    i.finsh_system_function_init  shell.o
    0x08006f74   0x08006f74   0x00000098   Code   RO         4783    i.finsh_system_init  shell.o
    0x0800700c   0x0800700c   0x000002a0   Code   RO         4785    i.finsh_thread_entry  shell.o
    0x080072ac   0x080072ac   0x00000084   Code   RO         4458    i.hard_fault_track  cpuport.o
    0x08007330   0x08007330   0x00000020   Code   RO         4583    i.hello             cmd.o
    0x08007350   0x08007350   0x00000068   Code   RO         4584    i.list              cmd.o
    0x080073b8   0x080073b8   0x00000158   Code   RO         4585    i.list_event        cmd.o
    0x08007510   0x08007510   0x00000024   Code   RO         4586    i.list_find_init    cmd.o
    0x08007534   0x08007534   0x00000076   Code   RO         4587    i.list_get_next     cmd.o
    0x080075aa   0x080075aa   0x00000002   PAD
    0x080075ac   0x080075ac   0x0000006c   Code   RO         4017    i.list_mem          mem.o
    0x08007618   0x08007618   0x00000168   Code   RO         4588    i.list_msgqueue     cmd.o
    0x08007780   0x08007780   0x0000015c   Code   RO         4589    i.list_sem          cmd.o
    0x080078dc   0x080078dc   0x000001e0   Code   RO         4590    i.list_thread       cmd.o
    0x08007abc   0x08007abc   0x0000015c   Code   RO         4591    i.list_timer        cmd.o
    0x08007c18   0x08007c18   0x0000035c   Code   RO         4875    i.log               m_ws.l(log.o)
    0x08007f74   0x08007f74   0x00000034   Code   RO           15    i.main              main.o
    0x08007fa8   0x08007fa8   0x0000000e   Code   RO         3528    i.main_thread_entry  components.o
    0x08007fb6   0x08007fb6   0x00000002   PAD
    0x08007fb8   0x08007fb8   0x000000e4   Code   RO         4459    i.mem_manage_fault_track  cpuport.o
    0x0800809c   0x0800809c   0x000000a8   Code   RO         4700    i.msh_auto_complete  msh.o
    0x08008144   0x08008144   0x00000064   Code   RO         4701    i.msh_exec          msh.o
    0x080081a8   0x080081a8   0x0000005c   Code   RO         4702    i.msh_get_cmd       msh.o
    0x08008204   0x08008204   0x0000007c   Code   RO         4703    i.msh_help          msh.o
    0x08008280   0x08008280   0x00000004   Code   RO         4704    i.msh_is_used       msh.o
    0x08008284   0x08008284   0x000000d8   Code   RO         4705    i.msh_split         msh.o
    0x0800835c   0x0800835c   0x000000e8   Code   RO         4018    i.plug_holes        mem.o
    0x08008444   0x08008444   0x00000170   Code   RO         3832    i.print_number      kservice.o
    0x080085b4   0x080085b4   0x00000052   Code   RO         2726    i.right_bound       bms_utils.o
    0x08008606   0x08008606   0x00000002   PAD
    0x08008608   0x08008608   0x00000054   Code   RO         3529    i.rt_application_init  components.o
    0x0800865c   0x0800865c   0x00000070   Code   RO         3833    i.rt_assert_handler  kservice.o
    0x080086cc   0x080086cc   0x0000001c   Code   RO         4019    i.rt_calloc         mem.o
    0x080086e8   0x080086e8   0x00000020   Code   RO         3530    i.rt_components_board_init  components.o
    0x08008708   0x08008708   0x00000020   Code   RO         3531    i.rt_components_init  components.o
    0x08008728   0x08008728   0x0000001c   Code   RO         4177    i.rt_enter_critical  scheduler.o
    0x08008744   0x08008744   0x00000038   Code   RO         4178    i.rt_exit_critical  scheduler.o
    0x0800877c   0x0800877c   0x000001c8   Code   RO         4020    i.rt_free           mem.o
    0x08008944   0x08008944   0x00000008   Code   RO         4524    i.rt_heap_begin_get  board_1.o
    0x0800894c   0x0800894c   0x00000008   Code   RO         4525    i.rt_heap_end_get   board_1.o
    0x08008954   0x08008954   0x00000036   Code   RO         4526    i.rt_hw_board_init  board_1.o
    0x0800898a   0x0800898a   0x00000002   PAD
    0x0800898c   0x0800898c   0x00000028   Code   RO         4527    i.rt_hw_console_getchar  board_1.o
    0x080089b4   0x080089b4   0x00000048   Code   RO         4528    i.rt_hw_console_output  board_1.o
    0x080089fc   0x080089fc   0x00000200   Code   RO         4463    i.rt_hw_hard_fault_exception  cpuport.o
    0x08008bfc   0x08008bfc   0x00000040   Code   RO         4464    i.rt_hw_stack_init  cpuport.o
    0x08008c3c   0x08008c3c   0x0000001c   Code   RO         3803    i.rt_interrupt_enter  irq.o
    0x08008c58   0x08008c58   0x00000018   Code   RO         3804    i.rt_interrupt_get_nest  irq.o
    0x08008c70   0x08008c70   0x0000001c   Code   RO         3805    i.rt_interrupt_leave  irq.o
    0x08008c8c   0x08008c8c   0x00000070   Code   RO         3646    i.rt_ipc_list_suspend  ipc.o
    0x08008cfc   0x08008cfc   0x00000024   Code   RO         3838    i.rt_kprintf        kservice.o
    0x08008d20   0x08008d20   0x00000224   Code   RO         4021    i.rt_malloc         mem.o
    0x08008f44   0x08008f44   0x00000074   Code   RO         3842    i.rt_memcpy         kservice.o
    0x08008fb8   0x08008fb8   0x00000036   Code   RO         3843    i.rt_memmove        kservice.o
    0x08008fee   0x08008fee   0x00000056   Code   RO         3844    i.rt_memset         kservice.o
    0x08009044   0x08009044   0x00000006   Code   RO         3653    i.rt_mq_send        ipc.o
    0x0800904a   0x0800904a   0x00000002   PAD
    0x0800904c   0x0800904c   0x000002e8   Code   RO         3654    i.rt_mq_send_wait   ipc.o
    0x08009334   0x08009334   0x000000d8   Code   RO         4098    i.rt_object_allocate  object.o
    0x0800940c   0x0800940c   0x00000098   Code   RO         4099    i.rt_object_delete  object.o
    0x080094a4   0x080094a4   0x00000054   Code   RO         4100    i.rt_object_detach  object.o
    0x080094f8   0x080094f8   0x00000024   Code   RO         4102    i.rt_object_get_information  object.o
    0x0800951c   0x0800951c   0x00000034   Code   RO         4105    i.rt_object_get_type  object.o
    0x08009550   0x08009550   0x000000ac   Code   RO         4106    i.rt_object_init    object.o
    0x080095fc   0x080095fc   0x0000003c   Code   RO         4107    i.rt_object_is_systemobject  object.o
    0x08009638   0x08009638   0x00000064   Code   RO         4179    i.rt_schedule       scheduler.o
    0x0800969c   0x0800969c   0x00000078   Code   RO         4180    i.rt_schedule_insert_thread  scheduler.o
    0x08009714   0x08009714   0x0000007c   Code   RO         4181    i.rt_schedule_remove_thread  scheduler.o
    0x08009790   0x08009790   0x000000a4   Code   RO         3657    i.rt_sem_create     ipc.o
    0x08009834   0x08009834   0x00000070   Code   RO         3660    i.rt_sem_init       ipc.o
    0x080098a4   0x080098a4   0x00000098   Code   RO         3661    i.rt_sem_release    ipc.o
    0x0800993c   0x0800993c   0x00000168   Code   RO         3662    i.rt_sem_take       ipc.o
    0x08009aa4   0x08009aa4   0x000000b0   Code   RO         3846    i.rt_show_version   kservice.o
    0x08009b54   0x08009b54   0x00000010   Code   RO         3852    i.rt_strlen         kservice.o
    0x08009b64   0x08009b64   0x0000002a   Code   RO         3854    i.rt_strncpy        kservice.o
    0x08009b8e   0x08009b8e   0x00000002   PAD
    0x08009b90   0x08009b90   0x0000010c   Code   RO         4024    i.rt_system_heap_init  mem.o
    0x08009c9c   0x08009c9c   0x0000003c   Code   RO         4182    i.rt_system_scheduler_init  scheduler.o
    0x08009cd8   0x08009cd8   0x00000028   Code   RO         4183    i.rt_system_scheduler_start  scheduler.o
    0x08009d00   0x08009d00   0x00000018   Code   RO         4370    i.rt_system_timer_init  timer.o
    0x08009d18   0x08009d18   0x00000002   Code   RO         4371    i.rt_system_timer_thread_init  timer.o
    0x08009d1a   0x08009d1a   0x0000005a   Code   RO         4248    i.rt_thread_create  thread.o
    0x08009d74   0x08009d74   0x00000060   Code   RO         4253    i.rt_thread_exit    thread.o
    0x08009dd4   0x08009dd4   0x00000006   Code   RO         3602    i.rt_thread_idle_entry  idle.o
    0x08009dda   0x08009dda   0x00000002   PAD
    0x08009ddc   0x08009ddc   0x000000a8   Code   RO         3603    i.rt_thread_idle_excute  idle.o
    0x08009e84   0x08009e84   0x00000040   Code   RO         3605    i.rt_thread_idle_init  idle.o
    0x08009ec4   0x08009ec4   0x00000080   Code   RO         4255    i.rt_thread_init    thread.o
    0x08009f44   0x08009f44   0x0000000e   Code   RO         4256    i.rt_thread_mdelay  thread.o
    0x08009f52   0x08009f52   0x00000002   PAD
    0x08009f54   0x08009f54   0x0000008c   Code   RO         4257    i.rt_thread_resume  thread.o
    0x08009fe0   0x08009fe0   0x0000000c   Code   RO         4258    i.rt_thread_self    thread.o
    0x08009fec   0x08009fec   0x00000084   Code   RO         4259    i.rt_thread_sleep   thread.o
    0x0800a070   0x0800a070   0x000000c0   Code   RO         4260    i.rt_thread_startup  thread.o
    0x0800a130   0x0800a130   0x00000088   Code   RO         4261    i.rt_thread_suspend  thread.o
    0x0800a1b8   0x0800a1b8   0x000000c4   Code   RO         4262    i.rt_thread_timeout  thread.o
    0x0800a27c   0x0800a27c   0x0000006c   Code   RO         4263    i.rt_thread_yield   thread.o
    0x0800a2e8   0x0800a2e8   0x00000032   Code   RO         3490    i.rt_tick_from_millisecond  clock.o
    0x0800a31a   0x0800a31a   0x00000002   PAD
    0x0800a31c   0x0800a31c   0x0000000c   Code   RO         3491    i.rt_tick_get       clock.o
    0x0800a328   0x0800a328   0x0000002c   Code   RO         3492    i.rt_tick_increase  clock.o
    0x0800a354   0x0800a354   0x000000f4   Code   RO         4372    i.rt_timer_check    timer.o
    0x0800a448   0x0800a448   0x000000d0   Code   RO         4373    i.rt_timer_control  timer.o
    0x0800a518   0x0800a518   0x00000032   Code   RO         4374    i.rt_timer_create   timer.o
    0x0800a54a   0x0800a54a   0x00000002   PAD
    0x0800a54c   0x0800a54c   0x00000100   Code   RO         4376    i.rt_timer_detach   timer.o
    0x0800a64c   0x0800a64c   0x00000054   Code   RO         4377    i.rt_timer_init     timer.o
    0x0800a6a0   0x0800a6a0   0x0000017c   Code   RO         4380    i.rt_timer_start    timer.o
    0x0800a81c   0x0800a81c   0x000000cc   Code   RO         4381    i.rt_timer_stop     timer.o
    0x0800a8e8   0x0800a8e8   0x0000032c   Code   RO         3857    i.rt_vsnprintf      kservice.o
    0x0800ac14   0x0800ac14   0x00000004   Code   RO         3532    i.rti_board_end     components.o
    0x0800ac18   0x0800ac18   0x00000004   Code   RO         3533    i.rti_board_start   components.o
    0x0800ac1c   0x0800ac1c   0x00000004   Code   RO         3534    i.rti_end           components.o
    0x0800ac20   0x0800ac20   0x00000004   Code   RO         3535    i.rti_start         components.o
    0x0800ac24   0x0800ac24   0x0000002a   Code   RO         3536    i.rtthread_startup  components.o
    0x0800ac4e   0x0800ac4e   0x00000002   PAD
    0x0800ac50   0x0800ac50   0x00000038   Code   RO         4786    i.shell_auto_complete  shell.o
    0x0800ac88   0x0800ac88   0x00000030   Code   RO         4592    i.show_wait_queue   cmd.o
    0x0800acb8   0x0800acb8   0x0000001e   Code   RO         4706    i.str_common        msh.o
    0x0800acd6   0x0800acd6   0x0000001a   Code   RO         2727    i.swap              bms_utils.o
    0x0800acf0   0x0800acf0   0x00000034   Code   RO         4529    i.uart_init         board_1.o
    0x0800ad24   0x0800ad24   0x000000dc   Code   RO         4465    i.usage_fault_track  cpuport.o
    0x0800ae00   0x0800ae00   0x0000000a   Code   RO         4593    i.version           cmd.o
    0x0800ae0a   0x0800ae0a   0x00000018   Data   RO         2085    .constdata          system_stm32f1xx.o
    0x0800ae22   0x0800ae22   0x00000014   Data   RO         3537    .constdata          components.o
    0x0800ae36   0x0800ae36   0x00000016   Data   RO         3607    .constdata          idle.o
    0x0800ae4c   0x0800ae4c   0x00000133   Data   RO         3664    .constdata          ipc.o
    0x0800af7f   0x0800af7f   0x00000122   Data   RO         3860    .constdata          kservice.o
    0x0800b0a1   0x0800b0a1   0x0000003c   Data   RO         4026    .constdata          mem.o
    0x0800b0dd   0x0800b0dd   0x00000080   Data   RO         4109    .constdata          object.o
    0x0800b15d   0x0800b15d   0x00000034   Data   RO         4185    .constdata          scheduler.o
    0x0800b191   0x0800b191   0x000000c0   Data   RO         4264    .constdata          thread.o
    0x0800b251   0x0800b251   0x0000005c   Data   RO         4382    .constdata          timer.o
    0x0800b2ad   0x0800b2ad   0x0000000e   Data   RO         4707    .constdata          msh.o
    0x0800b2bb   0x0800b2bb   0x0000004a   Data   RO         4788    .constdata          shell.o
    0x0800b305   0x0800b305   0x00000003   PAD
    0x0800b308   0x0800b308   0x00000038   Data   RO         4876    .constdata          m_ws.l(log.o)
    0x0800b340   0x0800b340   0x00000008   Data   RO         5218    .constdata          m_ws.l(qnan.o)
    0x0800b348   0x0800b348   0x00000044   Data   RO         2560    .conststring        bms_info.o
    0x0800b38c   0x0800b38c   0x0000008f   Data   RO         3665    .conststring        ipc.o
    0x0800b41b   0x0800b41b   0x00000001   PAD
    0x0800b41c   0x0800b41c   0x000000eb   Data   RO         4027    .conststring        mem.o
    0x0800b507   0x0800b507   0x00000001   PAD
    0x0800b508   0x0800b508   0x00000042   Data   RO         4265    .conststring        thread.o
    0x0800b54a   0x0800b54a   0x00000002   PAD
    0x0800b54c   0x0800b54c   0x00000044   Data   RO         4594    .conststring        cmd.o
    0x0800b590   0x0800b590   0x0000013e   Data   RO         2655    .rodata.name        bms_msh_commond.o
    0x0800b6ce   0x0800b6ce   0x00000009   Data   RO         4029    .rodata.name        mem.o
    0x0800b6d7   0x0800b6d7   0x0000001e   Data   RO         4030    .rodata.name        mem.o
    0x0800b6f5   0x0800b6f5   0x00000006   Data   RO         4595    .rodata.name        cmd.o
    0x0800b6fb   0x0800b6fb   0x00000010   Data   RO         4596    .rodata.name        cmd.o
    0x0800b70b   0x0800b70b   0x00000008   Data   RO         4597    .rodata.name        cmd.o
    0x0800b713   0x0800b713   0x00000023   Data   RO         4598    .rodata.name        cmd.o
    0x0800b736   0x0800b736   0x0000000e   Data   RO         4599    .rodata.name        cmd.o
    0x0800b744   0x0800b744   0x00000023   Data   RO         4600    .rodata.name        cmd.o
    0x0800b767   0x0800b767   0x0000000c   Data   RO         4601    .rodata.name        cmd.o
    0x0800b773   0x0800b773   0x0000000c   Data   RO         4602    .rodata.name        cmd.o
    0x0800b77f   0x0800b77f   0x00000012   Data   RO         4603    .rodata.name        cmd.o
    0x0800b791   0x0800b791   0x0000000c   Data   RO         4604    .rodata.name        cmd.o
    0x0800b79d   0x0800b79d   0x00000009   Data   RO         4605    .rodata.name        cmd.o
    0x0800b7a6   0x0800b7a6   0x00000019   Data   RO         4606    .rodata.name        cmd.o
    0x0800b7bf   0x0800b7bf   0x0000000f   Data   RO         4607    .rodata.name        cmd.o
    0x0800b7ce   0x0800b7ce   0x00000019   Data   RO         4608    .rodata.name        cmd.o
    0x0800b7e7   0x0800b7e7   0x0000000b   Data   RO         4609    .rodata.name        cmd.o
    0x0800b7f2   0x0800b7f2   0x00000015   Data   RO         4610    .rodata.name        cmd.o
    0x0800b807   0x0800b807   0x00000011   Data   RO         4611    .rodata.name        cmd.o
    0x0800b818   0x0800b818   0x00000015   Data   RO         4612    .rodata.name        cmd.o
    0x0800b82d   0x0800b82d   0x0000000e   Data   RO         4613    .rodata.name        cmd.o
    0x0800b83b   0x0800b83b   0x0000001d   Data   RO         4614    .rodata.name        cmd.o
    0x0800b858   0x0800b858   0x00000014   Data   RO         4615    .rodata.name        cmd.o
    0x0800b86c   0x0800b86c   0x0000001d   Data   RO         4616    .rodata.name        cmd.o
    0x0800b889   0x0800b889   0x0000000b   Data   RO         4617    .rodata.name        cmd.o
    0x0800b894   0x0800b894   0x00000015   Data   RO         4618    .rodata.name        cmd.o
    0x0800b8a9   0x0800b8a9   0x00000011   Data   RO         4619    .rodata.name        cmd.o
    0x0800b8ba   0x0800b8ba   0x00000015   Data   RO         4620    .rodata.name        cmd.o
    0x0800b8cf   0x0800b8cf   0x00000005   Data   RO         4621    .rodata.name        cmd.o
    0x0800b8d4   0x0800b8d4   0x0000001a   Data   RO         4622    .rodata.name        cmd.o
    0x0800b8ee   0x0800b8ee   0x0000000b   Data   RO         4708    .rodata.name        msh.o
    0x0800b8f9   0x0800b8f9   0x00000016   Data   RO         4709    .rodata.name        msh.o
    0x0800b90f   0x0800b90f   0x00000009   Data   RO         4710    .rodata.name        msh.o
    0x0800b918   0x0800b918   0x0000001c   Data   RO         4711    .rodata.name        msh.o
    0x0800b934   0x0800b934   0x0000000b   Data   RO         4712    .rodata.name        msh.o
    0x0800b93f   0x0800b93f   0x00000025   Data   RO         4713    .rodata.name        msh.o
    0x0800b964   0x0800b964   0x00000004   Data   RO         3538    .rti_fn.0           components.o
    0x0800b968   0x0800b968   0x00000004   Data   RO         3539    .rti_fn.0.end       components.o
    0x0800b96c   0x0800b96c   0x00000004   Data   RO         4531    .rti_fn.1           board_1.o
    0x0800b970   0x0800b970   0x00000004   Data   RO         3540    .rti_fn.1.end       components.o
    0x0800b974   0x0800b974   0x00000004   Data   RO         4790    .rti_fn.6           shell.o
    0x0800b978   0x0800b978   0x00000004   Data   RO         3541    .rti_fn.6.end       components.o
    0x0800b97c   0x0800b97c   0x0000006c   Data   RO         2656    FSymTab             bms_msh_commond.o
    0x0800b9e8   0x0800b9e8   0x0000000c   Data   RO         4031    FSymTab             mem.o
    0x0800b9f4   0x0800b9f4   0x000000a8   Data   RO         4623    FSymTab             cmd.o
    0x0800ba9c   0x0800ba9c   0x00000024   Data   RO         4714    FSymTab             msh.o
    0x0800bac0   0x0800bac0   0x00000020   Data   RO         5266    Region$$Table       anon$$obj.o


    Execution Region RW_IRAM1 (Exec base: 0x20000000, Load base: 0x0800bae0, Size: 0x00003418, Max: 0x00005000, ABSOLUTE, COMPRESSED[0x00000188])

    Exec Addr    Load Addr    Size         Type   Attr      Idx    E Section Name        Object

    0x20000000   COMPRESSED   0x00000009   Data   RW          699    .data               stm32f1xx_hal.o
    0x20000009   COMPRESSED   0x00000003   PAD
    0x2000000c   COMPRESSED   0x00000004   Data   RW         2086    .data               system_stm32f1xx.o
    0x20000010   COMPRESSED   0x00000014   Data   RW         2246    .data               bms_monitor.o
    0x20000024   COMPRESSED   0x00000054   Data   RW         2333    .data               bms_protect.o
    0x20000078   COMPRESSED   0x000000fc   Data   RW         2438    .data               bms_analysis.o
    0x20000174   COMPRESSED   0x00000032   Data   RW         2507    .data               bms_energy.o
    0x200001a6   COMPRESSED   0x00000001   Data   RW         2561    .data               bms_info.o
    0x200001a7   COMPRESSED   0x00000006   Data   RW         2704    .data               bms_global.o
    0x200001ad   COMPRESSED   0x00000003   PAD
    0x200001b0   COMPRESSED   0x00000024   Data   RW         3016    .data               drv_soft_i2c.o
    0x200001d4   COMPRESSED   0x0000000f   Data   RW         3168    .data               drv_softi2c_bq769x0.o
    0x200001e3   COMPRESSED   0x00000001   Data   RW         3356    .data               drv_rs485.o
    0x200001e4   COMPRESSED   0x00000011   Data   RW         3415    .data               drv_can.o
    0x200001f5   COMPRESSED   0x00000003   PAD
    0x200001f8   COMPRESSED   0x00000004   Data   RW         3494    .data               clock.o
    0x200001fc   COMPRESSED   0x00000001   Data   RW         3806    .data               irq.o
    0x200001fd   COMPRESSED   0x00000003   PAD
    0x20000200   COMPRESSED   0x00000008   Data   RW         3861    .data               kservice.o
    0x20000208   COMPRESSED   0x00000018   Data   RW         4028    .data               mem.o
    0x20000220   COMPRESSED   0x00000050   Data   RW         4110    .data               object.o
    0x20000270   COMPRESSED   0x00000014   Data   RW         4186    .data               scheduler.o
    0x20000284   COMPRESSED   0x0000000c   Data   RW         4383    .data               timer.o
    0x20000290   COMPRESSED   0x00000004   Data   RW         4467    .data               cpuport.o
    0x20000294   COMPRESSED   0x00000004   Data   RW         4468    .data               cpuport.o
    0x20000298   COMPRESSED   0x00000004   Data   RW         4469    .data               cpuport.o
    0x2000029c   COMPRESSED   0x00000004   Data   RW         4470    .data               cpuport.o
    0x200002a0   COMPRESSED   0x00000018   Data   RW         4789    .data               shell.o
    0x200002b8   COMPRESSED   0x00000004   Data   RW         5249    .data               mc_w.l(errno.o)
    0x200002bc        -       0x00000028   Zero   RW          217    .bss                can.o
    0x200002e4        -       0x00000088   Zero   RW          260    .bss                usart.o
    0x2000036c        -       0x0000004c   Zero   RW         2245    .bss                bms_monitor.o
    0x200003b8        -       0x00000078   Zero   RW         3167    .bss                drv_softi2c_bq769x0.o
    0x20000430        -       0x00000180   Zero   RW         3606    .bss                idle.o
    0x200005b0        -       0x00000080   Zero   RW         3859    .bss                kservice.o
    0x20000630        -       0x00000020   Zero   RW         4025    .bss                mem.o
    0x20000650        -       0x00000100   Zero   RW         4184    .bss                scheduler.o
    0x20000750        -       0x00002844   Zero   RW         4530    .bss                board_1.o
    0x20002f94        -       0x00000081   Zero   RW         4787    .bss                shell.o
    0x20003015   COMPRESSED   0x00000003   PAD
    0x20003018        -       0x00000400   Zero   RW            1    STACK               startup_stm32f103xb.o


==============================================================================

Image component sizes


      Code (inc. data)   RO Data    RW Data    ZI Data      Debug   Object Name

      1192        170          0        252          0       7036   bms_analysis.o
       132         28          0          0          0       9501   bms_app.o
      1500        442          0         50          0       4649   bms_energy.o
         0          0          0          6          0        242   bms_global.o
        44          0          0          0          0       1657   bms_hal_control.o
       280         54          0          0          0       3341   bms_hal_monitor.o
      1696        578         68          1          0       3047   bms_info.o
       906        256          0         20         76       5811   bms_monitor.o
       228         96        426          0          0       7075   bms_msh_commond.o
      2124        766          0         84          0       9485   bms_protect.o
       260          0          0          0          0       3204   bms_utils.o
       252         28          4          0      10308       5156   board_1.o
       240         24          0          0         40       1631   can.o
       106         12          0          4          0       1964   clock.o
      2228        774        741          0          0      17539   cmd.o
       230         52         36          0          0       6460   components.o
       244         28          0          0          0        836   context_rvds.o
      1400        736          0         16          0       5994   cpuport.o
       180         76          0         17          0       2619   drv_can.o
       236        116          0          1          0       2695   drv_rs485.o
      1292         62          0         36          0      15026   drv_soft_i2c.o
      4036       1106          0         15        120      25022   drv_softi2c_bq769x0.o
       304         18          0          0          0        995   gpio.o
       238         72         22          0        384       5498   idle.o
      1650        416        450          0          0      27880   ipc.o
        80         18          0          1          0       2358   irq.o
      1890        232        290          8        128      12484   kservice.o
       160          4          0          0          0     412554   main.o
      1640        682        346         24         32       7444   mem.o
       910        176        168          0          0       9468   msh.o
       772        266        128         80          0      10334   object.o
       528        106         52         20        256       8910   scheduler.o
      1076        164         78         24        129      13558   shell.o
        36          8        236          0       1024        800   startup_stm32f103xb.o
       128         24          0          9          0       4779   stm32f1xx_hal.o
      1364          0          0          0          0      10186   stm32f1xx_hal_can.o
       304         22          0          0          0      29415   stm32f1xx_hal_cortex.o
       262          4          0          0          0       1743   stm32f1xx_hal_dma.o
       876         38          0          0          0       4515   stm32f1xx_hal_gpio.o
        92         10          0          0          0        890   stm32f1xx_hal_msp.o
      1784        110          0          0          0       5984   stm32f1xx_hal_rcc.o
      1930         10          0          0          0      11409   stm32f1xx_hal_uart.o
        78         18          0          0          0       4023   stm32f1xx_it.o
       166         22         24          4          0       1719   system_stm32f1xx.o
      1448        390        258          0          0      17349   thread.o
      1492        468         92         12          0      13588   timer.o
       368         36          0          0        136       2267   usart.o

    ----------------------------------------------------------------------
     38434       8718       3458        696      12636     760140   Object Totals
         0          0         32          0          0          0   (incl. Generated)
        52          0          7         12          3          0   (incl. Padding)

    ----------------------------------------------------------------------

      Code (inc. data)   RO Data    RW Data    ZI Data      Debug   Library Member Name

        34          4          0          0          0        204   dunder.o
       860         52         56          0          0        256   log.o
       170          0          0          0          0         96   poly.o
         0          0          8          0          0          0   qnan.o
        86          0          0          0          0          0   __dczerorl2.o
         0          0          0          0          0          0   entry.o
         0          0          0          0          0          0   entry10a.o
         0          0          0          0          0          0   entry11a.o
         4          0          0          0          0          0   entry12b.o
         8          4          0          0          0          0   entry2.o
         4          0          0          0          0          0   entry5.o
         0          0          0          0          0          0   entry7b.o
         0          0          0          0          0          0   entry8b.o
         8          4          0          0          0          0   entry9a.o
        12          6          0          4          0         68   errno.o
        30          0          0          0          0          0   handlers.o
        36          8          0          0          0         68   init.o
         0          0          0          0          0          0   iusefp.o
        30          0          0          0          0         68   llshl.o
        36          0          0          0          0         68   llsshr.o
        32          0          0          0          0         68   llushr.o
        36          0          0          0          0         68   memcpya.o
        36          0          0          0          0        108   memseta.o
      2236         86          0          0          0        532   printfa.o
        24          0          0          0          0         68   strcat.o
        14          0          0          0          0         68   strlen.o
        30          0          0          0          0         80   strncmp.o
        24          0          0          0          0         76   strncpy.o
        44          0          0          0          0         80   uidiv.o
        98          0          0          0          0         92   uldiv.o
        48          0          0          0          0         68   cdcmple.o
        48          0          0          0          0         68   cdrcmple.o
        20          0          0          0          0         68   cfcmple.o
        20          0          0          0          0         68   cfrcmple.o
        56          0          0          0          0         88   d2f.o
       334          0          0          0          0        148   dadd.o
       222          0          0          0          0        100   ddiv.o
       186          0          0          0          0        176   depilogue.o
        48          0          0          0          0         68   dfixul.o
        34          0          0          0          0         76   dflti.o
        26          0          0          0          0         76   dfltui.o
       228          0          0          0          0         96   dmul.o
        46          0          0          0          0         80   dscalb.o
        38          0          0          0          0         68   f2d.o
       176          0          0          0          0        140   fadd.o
       124          0          0          0          0         88   fdiv.o
       110          0          0          0          0        168   fepilogue.o
        50          0          0          0          0         68   ffixi.o
        40          0          0          0          0         68   ffixui.o
        18          0          0          0          0         68   fflti.o
        10          0          0          0          0         68   ffltui.o
       100          0          0          0          0         76   fmul.o

    ----------------------------------------------------------------------
      5884        164         64          4          0       4060   Library Totals
        10          0          0          0          0          0   (incl. Padding)

    ----------------------------------------------------------------------

      Code (inc. data)   RO Data    RW Data    ZI Data      Debug   Library Name

      1064         56         64          0          0        556   m_ws.l
      2828        108          0          4          0       1512   mc_w.l
      1982          0          0          0          0       1992   mf_w.l

    ----------------------------------------------------------------------
      5884        164         64          4          0       4060   Library Totals

    ----------------------------------------------------------------------

==============================================================================


      Code (inc. data)   RO Data    RW Data    ZI Data      Debug   

     44318       8882       3522        700      12636     746232   Grand Totals
     44318       8882       3522        392      12636     746232   ELF Image Totals (compressed)
     44318       8882       3522        392          0          0   ROM Totals

==============================================================================

    Total RO  Size (Code + RO Data)                47840 (  46.72kB)
    Total RW  Size (RW Data + ZI Data)             13336 (  13.02kB)
    Total ROM Size (Code + RO Data + RW Data)      48232 (  47.10kB)

==============================================================================

